[0.257s] DEBUG:colcon:Command line arguments: ['/usr/bin/colcon', 'build', '--packages-select', 'maze_interfaces', 'robot_maze']
[0.257s] DEBUG:colcon:Parsed command line arguments: Namespace(log_base=None, log_level=None, verb_name='build', build_base='build', install_base='install', merge_install=False, symlink_install=False, test_result_base=None, continue_on_error=False, executor='parallel', parallel_workers=8, event_handlers=None, ignore_user_meta=False, metas=['./colcon.meta'], base_paths=['.'], packages_ignore=None, packages_ignore_regex=None, paths=None, packages_up_to=None, packages_up_to_regex=None, packages_above=None, packages_above_and_dependencies=None, packages_above_depth=None, packages_select_by_dep=None, packages_skip_by_dep=None, packages_skip_up_to=None, packages_select_build_failed=False, packages_skip_build_finished=False, packages_select_test_failures=False, packages_skip_test_passed=False, packages_select=['maze_interfaces', 'robot_maze'], packages_skip=None, packages_select_regex=None, packages_skip_regex=None, packages_start=None, packages_end=None, allow_overriding=[], cmake_args=None, cmake_target=None, cmake_target_skip_unavailable=False, cmake_clean_cache=False, cmake_clean_first=False, cmake_force_configure=False, ament_cmake_args=None, catkin_cmake_args=None, catkin_skip_building_tests=False, verb_parser=<colcon_defaults.argument_parser.defaults.DefaultArgumentsDecorator object at 0x7ceeceb7ea50>, verb_extension=<colcon_core.verb.build.BuildVerb object at 0x7ceececa7530>, main=<bound method BuildVerb.main of <colcon_core.verb.build.BuildVerb object at 0x7ceececa7530>>)
[0.348s] Level 1:colcon.colcon_core.package_discovery:discover_packages(colcon_meta) check parameters
[0.349s] Level 1:colcon.colcon_core.package_discovery:discover_packages(recursive) check parameters
[0.349s] Level 1:colcon.colcon_core.package_discovery:discover_packages(ignore) check parameters
[0.349s] Level 1:colcon.colcon_core.package_discovery:discover_packages(path) check parameters
[0.349s] Level 1:colcon.colcon_core.package_discovery:discover_packages(colcon_meta) discover
[0.349s] Level 1:colcon.colcon_core.package_discovery:discover_packages(recursive) discover
[0.349s] INFO:colcon.colcon_core.package_discovery:Crawling recursively for packages in '/home/julian/Task-1-Intro-to-Gazebo-actions-services/maze_roboot'
[0.349s] Level 1:colcon.colcon_core.package_identification:_identify(.) by extensions ['ignore', 'ignore_ament_install']
[0.350s] Level 1:colcon.colcon_core.package_identification:_identify(.) by extension 'ignore'
[0.350s] Level 1:colcon.colcon_core.package_identification:_identify(.) by extension 'ignore_ament_install'
[0.350s] Level 1:colcon.colcon_core.package_identification:_identify(.) by extensions ['colcon_pkg']
[0.350s] Level 1:colcon.colcon_core.package_identification:_identify(.) by extension 'colcon_pkg'
[0.350s] Level 1:colcon.colcon_core.package_identification:_identify(.) by extensions ['colcon_meta']
[0.350s] Level 1:colcon.colcon_core.package_identification:_identify(.) by extension 'colcon_meta'
[0.350s] Level 1:colcon.colcon_core.package_identification:_identify(.) by extensions ['ros']
[0.350s] Level 1:colcon.colcon_core.package_identification:_identify(.) by extension 'ros'
[0.407s] Level 1:colcon.colcon_core.package_identification:_identify(.) by extensions ['cmake', 'python']
[0.407s] Level 1:colcon.colcon_core.package_identification:_identify(.) by extension 'cmake'
[0.407s] Level 1:colcon.colcon_core.package_identification:_identify(.) by extension 'python'
[0.408s] Level 1:colcon.colcon_core.package_identification:_identify(.) by extensions ['python_setup_py']
[0.408s] Level 1:colcon.colcon_core.package_identification:_identify(.) by extension 'python_setup_py'
[0.408s] Level 1:colcon.colcon_core.package_identification:_identify(build) by extensions ['ignore', 'ignore_ament_install']
[0.408s] Level 1:colcon.colcon_core.package_identification:_identify(build) by extension 'ignore'
[0.408s] Level 1:colcon.colcon_core.package_identification:_identify(build) ignored
[0.408s] Level 1:colcon.colcon_core.package_identification:_identify(install) by extensions ['ignore', 'ignore_ament_install']
[0.409s] Level 1:colcon.colcon_core.package_identification:_identify(install) by extension 'ignore'
[0.409s] Level 1:colcon.colcon_core.package_identification:_identify(install) ignored
[0.409s] Level 1:colcon.colcon_core.package_identification:_identify(log) by extensions ['ignore', 'ignore_ament_install']
[0.409s] Level 1:colcon.colcon_core.package_identification:_identify(log) by extension 'ignore'
[0.410s] Level 1:colcon.colcon_core.package_identification:_identify(log) ignored
[0.410s] Level 1:colcon.colcon_core.package_identification:_identify(src) by extensions ['ignore', 'ignore_ament_install']
[0.410s] Level 1:colcon.colcon_core.package_identification:_identify(src) by extension 'ignore'
[0.410s] Level 1:colcon.colcon_core.package_identification:_identify(src) by extension 'ignore_ament_install'
[0.411s] Level 1:colcon.colcon_core.package_identification:_identify(src) by extensions ['colcon_pkg']
[0.411s] Level 1:colcon.colcon_core.package_identification:_identify(src) by extension 'colcon_pkg'
[0.411s] Level 1:colcon.colcon_core.package_identification:_identify(src) by extensions ['colcon_meta']
[0.411s] Level 1:colcon.colcon_core.package_identification:_identify(src) by extension 'colcon_meta'
[0.411s] Level 1:colcon.colcon_core.package_identification:_identify(src) by extensions ['ros']
[0.411s] Level 1:colcon.colcon_core.package_identification:_identify(src) by extension 'ros'
[0.412s] Level 1:colcon.colcon_core.package_identification:_identify(src) by extensions ['cmake', 'python']
[0.412s] Level 1:colcon.colcon_core.package_identification:_identify(src) by extension 'cmake'
[0.412s] Level 1:colcon.colcon_core.package_identification:_identify(src) by extension 'python'
[0.412s] Level 1:colcon.colcon_core.package_identification:_identify(src) by extensions ['python_setup_py']
[0.412s] Level 1:colcon.colcon_core.package_identification:_identify(src) by extension 'python_setup_py'
[0.412s] Level 1:colcon.colcon_core.package_identification:_identify(src/maze_interfaces) by extensions ['ignore', 'ignore_ament_install']
[0.413s] Level 1:colcon.colcon_core.package_identification:_identify(src/maze_interfaces) by extension 'ignore'
[0.413s] Level 1:colcon.colcon_core.package_identification:_identify(src/maze_interfaces) by extension 'ignore_ament_install'
[0.413s] Level 1:colcon.colcon_core.package_identification:_identify(src/maze_interfaces) by extensions ['colcon_pkg']
[0.413s] Level 1:colcon.colcon_core.package_identification:_identify(src/maze_interfaces) by extension 'colcon_pkg'
[0.413s] Level 1:colcon.colcon_core.package_identification:_identify(src/maze_interfaces) by extensions ['colcon_meta']
[0.413s] Level 1:colcon.colcon_core.package_identification:_identify(src/maze_interfaces) by extension 'colcon_meta'
[0.414s] Level 1:colcon.colcon_core.package_identification:_identify(src/maze_interfaces) by extensions ['ros']
[0.414s] Level 1:colcon.colcon_core.package_identification:_identify(src/maze_interfaces) by extension 'ros'
[0.422s] DEBUG:colcon.colcon_core.package_identification:Package 'src/maze_interfaces' with type 'ros.ament_cmake' and name 'maze_interfaces'
[0.423s] Level 1:colcon.colcon_core.package_identification:_identify(src/robot_maze) by extensions ['ignore', 'ignore_ament_install']
[0.423s] Level 1:colcon.colcon_core.package_identification:_identify(src/robot_maze) by extension 'ignore'
[0.423s] Level 1:colcon.colcon_core.package_identification:_identify(src/robot_maze) by extension 'ignore_ament_install'
[0.423s] Level 1:colcon.colcon_core.package_identification:_identify(src/robot_maze) by extensions ['colcon_pkg']
[0.423s] Level 1:colcon.colcon_core.package_identification:_identify(src/robot_maze) by extension 'colcon_pkg'
[0.424s] Level 1:colcon.colcon_core.package_identification:_identify(src/robot_maze) by extensions ['colcon_meta']
[0.424s] Level 1:colcon.colcon_core.package_identification:_identify(src/robot_maze) by extension 'colcon_meta'
[0.424s] Level 1:colcon.colcon_core.package_identification:_identify(src/robot_maze) by extensions ['ros']
[0.424s] Level 1:colcon.colcon_core.package_identification:_identify(src/robot_maze) by extension 'ros'
[0.426s] DEBUG:colcon.colcon_core.package_identification:Package 'src/robot_maze' with type 'ros.ament_python' and name 'robot_maze'
[0.426s] Level 1:colcon.colcon_core.package_discovery:discover_packages(recursive) using defaults
[0.426s] Level 1:colcon.colcon_core.package_discovery:discover_packages(ignore) discover
[0.426s] Level 1:colcon.colcon_core.package_discovery:discover_packages(ignore) using defaults
[0.426s] Level 1:colcon.colcon_core.package_discovery:discover_packages(path) discover
[0.427s] Level 1:colcon.colcon_core.package_discovery:discover_packages(path) using defaults
[0.477s] Level 1:colcon.colcon_core.package_discovery:discover_packages(prefix_path) check parameters
[0.477s] Level 1:colcon.colcon_core.package_discovery:discover_packages(prefix_path) discover
[0.481s] DEBUG:colcon.colcon_installed_package_information.package_discovery:Found 1 installed packages in /home/julian/training_ws/install
[0.486s] DEBUG:colcon.colcon_installed_package_information.package_discovery:Found 405 installed packages in /opt/ros/jazzy
[0.488s] Level 1:colcon.colcon_core.package_discovery:discover_packages(prefix_path) using defaults
[0.638s] Level 5:colcon.colcon_core.verb:set package 'maze_interfaces' build argument 'cmake_args' from command line to 'None'
[0.638s] Level 5:colcon.colcon_core.verb:set package 'maze_interfaces' build argument 'cmake_target' from command line to 'None'
[0.638s] Level 5:colcon.colcon_core.verb:set package 'maze_interfaces' build argument 'cmake_target_skip_unavailable' from command line to 'False'
[0.638s] Level 5:colcon.colcon_core.verb:set package 'maze_interfaces' build argument 'cmake_clean_cache' from command line to 'False'
[0.638s] Level 5:colcon.colcon_core.verb:set package 'maze_interfaces' build argument 'cmake_clean_first' from command line to 'False'
[0.638s] Level 5:colcon.colcon_core.verb:set package 'maze_interfaces' build argument 'cmake_force_configure' from command line to 'False'
[0.639s] Level 5:colcon.colcon_core.verb:set package 'maze_interfaces' build argument 'ament_cmake_args' from command line to 'None'
[0.639s] Level 5:colcon.colcon_core.verb:set package 'maze_interfaces' build argument 'catkin_cmake_args' from command line to 'None'
[0.639s] Level 5:colcon.colcon_core.verb:set package 'maze_interfaces' build argument 'catkin_skip_building_tests' from command line to 'False'
[0.639s] DEBUG:colcon.colcon_core.verb:Building package 'maze_interfaces' with the following arguments: {'ament_cmake_args': None, 'build_base': '/home/julian/Task-1-Intro-to-Gazebo-actions-services/maze_roboot/build/maze_interfaces', 'catkin_cmake_args': None, 'catkin_skip_building_tests': False, 'cmake_args': None, 'cmake_clean_cache': False, 'cmake_clean_first': False, 'cmake_force_configure': False, 'cmake_target': None, 'cmake_target_skip_unavailable': False, 'install_base': '/home/julian/Task-1-Intro-to-Gazebo-actions-services/maze_roboot/install/maze_interfaces', 'merge_install': False, 'path': '/home/julian/Task-1-Intro-to-Gazebo-actions-services/maze_roboot/src/maze_interfaces', 'symlink_install': False, 'test_result_base': None}
[0.640s] Level 5:colcon.colcon_core.verb:set package 'robot_maze' build argument 'cmake_args' from command line to 'None'
[0.640s] Level 5:colcon.colcon_core.verb:set package 'robot_maze' build argument 'cmake_target' from command line to 'None'
[0.640s] Level 5:colcon.colcon_core.verb:set package 'robot_maze' build argument 'cmake_target_skip_unavailable' from command line to 'False'
[0.640s] Level 5:colcon.colcon_core.verb:set package 'robot_maze' build argument 'cmake_clean_cache' from command line to 'False'
[0.640s] Level 5:colcon.colcon_core.verb:set package 'robot_maze' build argument 'cmake_clean_first' from command line to 'False'
[0.640s] Level 5:colcon.colcon_core.verb:set package 'robot_maze' build argument 'cmake_force_configure' from command line to 'False'
[0.641s] Level 5:colcon.colcon_core.verb:set package 'robot_maze' build argument 'ament_cmake_args' from command line to 'None'
[0.641s] Level 5:colcon.colcon_core.verb:set package 'robot_maze' build argument 'catkin_cmake_args' from command line to 'None'
[0.641s] Level 5:colcon.colcon_core.verb:set package 'robot_maze' build argument 'catkin_skip_building_tests' from command line to 'False'
[0.641s] DEBUG:colcon.colcon_core.verb:Building package 'robot_maze' with the following arguments: {'ament_cmake_args': None, 'build_base': '/home/julian/Task-1-Intro-to-Gazebo-actions-services/maze_roboot/build/robot_maze', 'catkin_cmake_args': None, 'catkin_skip_building_tests': False, 'cmake_args': None, 'cmake_clean_cache': False, 'cmake_clean_first': False, 'cmake_force_configure': False, 'cmake_target': None, 'cmake_target_skip_unavailable': False, 'install_base': '/home/julian/Task-1-Intro-to-Gazebo-actions-services/maze_roboot/install/robot_maze', 'merge_install': False, 'path': '/home/julian/Task-1-Intro-to-Gazebo-actions-services/maze_roboot/src/robot_maze', 'symlink_install': False, 'test_result_base': None}
[0.641s] INFO:colcon.colcon_core.executor:Executing jobs using 'parallel' executor
[0.643s] DEBUG:colcon.colcon_parallel_executor.executor.parallel:run_until_complete
[0.644s] INFO:colcon.colcon_ros.task.ament_cmake.build:Building ROS package in '/home/julian/Task-1-Intro-to-Gazebo-actions-services/maze_roboot/src/maze_interfaces' with build type 'ament_cmake'
[0.644s] INFO:colcon.colcon_cmake.task.cmake.build:Building CMake package in '/home/julian/Task-1-Intro-to-Gazebo-actions-services/maze_roboot/src/maze_interfaces'
[0.650s] INFO:colcon.colcon_core.plugin_system:Skipping extension 'colcon_core.shell.bat': Not used on non-Windows systems
[0.651s] INFO:colcon.colcon_core.shell:Skip shell extension 'powershell' for command environment: Not usable outside of PowerShell
[0.651s] DEBUG:colcon.colcon_core.shell:Skip shell extension 'dsv' for command environment
[0.677s] DEBUG:colcon.colcon_core.event_handler.log_command:Invoking command in '/home/julian/Task-1-Intro-to-Gazebo-actions-services/maze_roboot/build/maze_interfaces': CMAKE_PREFIX_PATH=${CMAKE_PREFIX_PATH}:/home/julian/training_ws/install/maze_control:/opt/ros/jazzy DEBUGINFOD_URLS=https://debuginfod.ubuntu.com /usr/bin/cmake --build /home/julian/Task-1-Intro-to-Gazebo-actions-services/maze_roboot/build/maze_interfaces -- -j8 -l8
[1.896s] DEBUG:colcon.colcon_core.event_handler.log_command:Invoked command in '/home/julian/Task-1-Intro-to-Gazebo-actions-services/maze_roboot/build/maze_interfaces' returned '0': CMAKE_PREFIX_PATH=${CMAKE_PREFIX_PATH}:/home/julian/training_ws/install/maze_control:/opt/ros/jazzy DEBUGINFOD_URLS=https://debuginfod.ubuntu.com /usr/bin/cmake --build /home/julian/Task-1-Intro-to-Gazebo-actions-services/maze_roboot/build/maze_interfaces -- -j8 -l8
[1.923s] DEBUG:colcon.colcon_core.event_handler.log_command:Invoking command in '/home/julian/Task-1-Intro-to-Gazebo-actions-services/maze_roboot/build/maze_interfaces': CMAKE_PREFIX_PATH=${CMAKE_PREFIX_PATH}:/home/julian/training_ws/install/maze_control:/opt/ros/jazzy DEBUGINFOD_URLS=https://debuginfod.ubuntu.com /usr/bin/cmake --install /home/julian/Task-1-Intro-to-Gazebo-actions-services/maze_roboot/build/maze_interfaces
[2.093s] Level 1:colcon.colcon_core.environment:create_environment_scripts_only(maze_interfaces)
[2.094s] DEBUG:colcon.colcon_core.event_handler.log_command:Invoked command in '/home/julian/Task-1-Intro-to-Gazebo-actions-services/maze_roboot/build/maze_interfaces' returned '0': CMAKE_PREFIX_PATH=${CMAKE_PREFIX_PATH}:/home/julian/training_ws/install/maze_control:/opt/ros/jazzy DEBUGINFOD_URLS=https://debuginfod.ubuntu.com /usr/bin/cmake --install /home/julian/Task-1-Intro-to-Gazebo-actions-services/maze_roboot/build/maze_interfaces
[2.099s] Level 1:colcon.colcon_core.environment:checking '/home/julian/Task-1-Intro-to-Gazebo-actions-services/maze_roboot/install/maze_interfaces' for CMake module files
[2.100s] Level 1:colcon.colcon_core.environment:checking '/home/julian/Task-1-Intro-to-Gazebo-actions-services/maze_roboot/install/maze_interfaces' for CMake config files
[2.101s] Level 1:colcon.colcon_core.shell:create_environment_hook('maze_interfaces', 'cmake_prefix_path')
[2.102s] INFO:colcon.colcon_core.shell:Creating environment hook '/home/julian/Task-1-Intro-to-Gazebo-actions-services/maze_roboot/install/maze_interfaces/share/maze_interfaces/hook/cmake_prefix_path.ps1'
[2.103s] INFO:colcon.colcon_core.shell:Creating environment descriptor '/home/julian/Task-1-Intro-to-Gazebo-actions-services/maze_roboot/install/maze_interfaces/share/maze_interfaces/hook/cmake_prefix_path.dsv'
[2.104s] INFO:colcon.colcon_core.shell:Creating environment hook '/home/julian/Task-1-Intro-to-Gazebo-actions-services/maze_roboot/install/maze_interfaces/share/maze_interfaces/hook/cmake_prefix_path.sh'
[2.105s] Level 1:colcon.colcon_core.environment:checking '/home/julian/Task-1-Intro-to-Gazebo-actions-services/maze_roboot/install/maze_interfaces/lib'
[2.106s] Level 1:colcon.colcon_core.shell:create_environment_hook('maze_interfaces', 'ld_library_path_lib')
[2.106s] INFO:colcon.colcon_core.shell:Creating environment hook '/home/julian/Task-1-Intro-to-Gazebo-actions-services/maze_roboot/install/maze_interfaces/share/maze_interfaces/hook/ld_library_path_lib.ps1'
[2.107s] INFO:colcon.colcon_core.shell:Creating environment descriptor '/home/julian/Task-1-Intro-to-Gazebo-actions-services/maze_roboot/install/maze_interfaces/share/maze_interfaces/hook/ld_library_path_lib.dsv'
[2.108s] INFO:colcon.colcon_core.shell:Creating environment hook '/home/julian/Task-1-Intro-to-Gazebo-actions-services/maze_roboot/install/maze_interfaces/share/maze_interfaces/hook/ld_library_path_lib.sh'
[2.109s] Level 1:colcon.colcon_core.environment:checking '/home/julian/Task-1-Intro-to-Gazebo-actions-services/maze_roboot/install/maze_interfaces/bin'
[2.109s] Level 1:colcon.colcon_core.environment:checking '/home/julian/Task-1-Intro-to-Gazebo-actions-services/maze_roboot/install/maze_interfaces/lib/pkgconfig/maze_interfaces.pc'
[2.109s] Level 1:colcon.colcon_core.environment:checking '/home/julian/Task-1-Intro-to-Gazebo-actions-services/maze_roboot/install/maze_interfaces/lib/python3.12/site-packages'
[2.110s] Level 1:colcon.colcon_core.shell:create_environment_hook('maze_interfaces', 'pythonpath')
[2.110s] INFO:colcon.colcon_core.shell:Creating environment hook '/home/julian/Task-1-Intro-to-Gazebo-actions-services/maze_roboot/install/maze_interfaces/share/maze_interfaces/hook/pythonpath.ps1'
[2.111s] INFO:colcon.colcon_core.shell:Creating environment descriptor '/home/julian/Task-1-Intro-to-Gazebo-actions-services/maze_roboot/install/maze_interfaces/share/maze_interfaces/hook/pythonpath.dsv'
[2.112s] INFO:colcon.colcon_core.shell:Creating environment hook '/home/julian/Task-1-Intro-to-Gazebo-actions-services/maze_roboot/install/maze_interfaces/share/maze_interfaces/hook/pythonpath.sh'
[2.113s] Level 1:colcon.colcon_core.environment:checking '/home/julian/Task-1-Intro-to-Gazebo-actions-services/maze_roboot/install/maze_interfaces/bin'
[2.114s] INFO:colcon.colcon_core.shell:Creating package script '/home/julian/Task-1-Intro-to-Gazebo-actions-services/maze_roboot/install/maze_interfaces/share/maze_interfaces/package.ps1'
[2.117s] INFO:colcon.colcon_core.shell:Creating package descriptor '/home/julian/Task-1-Intro-to-Gazebo-actions-services/maze_roboot/install/maze_interfaces/share/maze_interfaces/package.dsv'
[2.118s] INFO:colcon.colcon_core.shell:Creating package script '/home/julian/Task-1-Intro-to-Gazebo-actions-services/maze_roboot/install/maze_interfaces/share/maze_interfaces/package.sh'
[2.120s] INFO:colcon.colcon_core.shell:Creating package script '/home/julian/Task-1-Intro-to-Gazebo-actions-services/maze_roboot/install/maze_interfaces/share/maze_interfaces/package.bash'
[2.122s] INFO:colcon.colcon_core.shell:Creating package script '/home/julian/Task-1-Intro-to-Gazebo-actions-services/maze_roboot/install/maze_interfaces/share/maze_interfaces/package.zsh'
[2.123s] Level 1:colcon.colcon_core.environment:create_file_with_runtime_dependencies(/home/julian/Task-1-Intro-to-Gazebo-actions-services/maze_roboot/install/maze_interfaces/share/colcon-core/packages/maze_interfaces)
[2.125s] Level 1:colcon.colcon_core.environment:create_environment_scripts_only(maze_interfaces)
[2.125s] Level 1:colcon.colcon_core.environment:checking '/home/julian/Task-1-Intro-to-Gazebo-actions-services/maze_roboot/install/maze_interfaces' for CMake module files
[2.127s] Level 1:colcon.colcon_core.environment:checking '/home/julian/Task-1-Intro-to-Gazebo-actions-services/maze_roboot/install/maze_interfaces' for CMake config files
[2.128s] Level 1:colcon.colcon_core.shell:create_environment_hook('maze_interfaces', 'cmake_prefix_path')
[2.128s] INFO:colcon.colcon_core.shell:Creating environment hook '/home/julian/Task-1-Intro-to-Gazebo-actions-services/maze_roboot/install/maze_interfaces/share/maze_interfaces/hook/cmake_prefix_path.ps1'
[2.130s] INFO:colcon.colcon_core.shell:Creating environment descriptor '/home/julian/Task-1-Intro-to-Gazebo-actions-services/maze_roboot/install/maze_interfaces/share/maze_interfaces/hook/cmake_prefix_path.dsv'
[2.131s] INFO:colcon.colcon_core.shell:Creating environment hook '/home/julian/Task-1-Intro-to-Gazebo-actions-services/maze_roboot/install/maze_interfaces/share/maze_interfaces/hook/cmake_prefix_path.sh'
[2.132s] Level 1:colcon.colcon_core.environment:checking '/home/julian/Task-1-Intro-to-Gazebo-actions-services/maze_roboot/install/maze_interfaces/lib'
[2.132s] Level 1:colcon.colcon_core.shell:create_environment_hook('maze_interfaces', 'ld_library_path_lib')
[2.133s] INFO:colcon.colcon_core.shell:Creating environment hook '/home/julian/Task-1-Intro-to-Gazebo-actions-services/maze_roboot/install/maze_interfaces/share/maze_interfaces/hook/ld_library_path_lib.ps1'
[2.134s] INFO:colcon.colcon_core.shell:Creating environment descriptor '/home/julian/Task-1-Intro-to-Gazebo-actions-services/maze_roboot/install/maze_interfaces/share/maze_interfaces/hook/ld_library_path_lib.dsv'
[2.135s] INFO:colcon.colcon_core.shell:Creating environment hook '/home/julian/Task-1-Intro-to-Gazebo-actions-services/maze_roboot/install/maze_interfaces/share/maze_interfaces/hook/ld_library_path_lib.sh'
[2.136s] Level 1:colcon.colcon_core.environment:checking '/home/julian/Task-1-Intro-to-Gazebo-actions-services/maze_roboot/install/maze_interfaces/bin'
[2.136s] Level 1:colcon.colcon_core.environment:checking '/home/julian/Task-1-Intro-to-Gazebo-actions-services/maze_roboot/install/maze_interfaces/lib/pkgconfig/maze_interfaces.pc'
[2.137s] Level 1:colcon.colcon_core.environment:checking '/home/julian/Task-1-Intro-to-Gazebo-actions-services/maze_roboot/install/maze_interfaces/lib/python3.12/site-packages'
[2.137s] Level 1:colcon.colcon_core.shell:create_environment_hook('maze_interfaces', 'pythonpath')
[2.138s] INFO:colcon.colcon_core.shell:Creating environment hook '/home/julian/Task-1-Intro-to-Gazebo-actions-services/maze_roboot/install/maze_interfaces/share/maze_interfaces/hook/pythonpath.ps1'
[2.139s] INFO:colcon.colcon_core.shell:Creating environment descriptor '/home/julian/Task-1-Intro-to-Gazebo-actions-services/maze_roboot/install/maze_interfaces/share/maze_interfaces/hook/pythonpath.dsv'
[2.140s] INFO:colcon.colcon_core.shell:Creating environment hook '/home/julian/Task-1-Intro-to-Gazebo-actions-services/maze_roboot/install/maze_interfaces/share/maze_interfaces/hook/pythonpath.sh'
[2.142s] Level 1:colcon.colcon_core.environment:checking '/home/julian/Task-1-Intro-to-Gazebo-actions-services/maze_roboot/install/maze_interfaces/bin'
[2.143s] INFO:colcon.colcon_core.shell:Creating package script '/home/julian/Task-1-Intro-to-Gazebo-actions-services/maze_roboot/install/maze_interfaces/share/maze_interfaces/package.ps1'
[2.145s] INFO:colcon.colcon_core.shell:Creating package descriptor '/home/julian/Task-1-Intro-to-Gazebo-actions-services/maze_roboot/install/maze_interfaces/share/maze_interfaces/package.dsv'
[2.146s] INFO:colcon.colcon_core.shell:Creating package script '/home/julian/Task-1-Intro-to-Gazebo-actions-services/maze_roboot/install/maze_interfaces/share/maze_interfaces/package.sh'
[2.147s] INFO:colcon.colcon_core.shell:Creating package script '/home/julian/Task-1-Intro-to-Gazebo-actions-services/maze_roboot/install/maze_interfaces/share/maze_interfaces/package.bash'
[2.148s] INFO:colcon.colcon_core.shell:Creating package script '/home/julian/Task-1-Intro-to-Gazebo-actions-services/maze_roboot/install/maze_interfaces/share/maze_interfaces/package.zsh'
[2.149s] Level 1:colcon.colcon_core.environment:create_file_with_runtime_dependencies(/home/julian/Task-1-Intro-to-Gazebo-actions-services/maze_roboot/install/maze_interfaces/share/colcon-core/packages/maze_interfaces)
[2.150s] INFO:colcon.colcon_ros.task.ament_python.build:Building ROS package in '/home/julian/Task-1-Intro-to-Gazebo-actions-services/maze_roboot/src/robot_maze' with build type 'ament_python'
[2.150s] Level 1:colcon.colcon_core.shell:create_environment_hook('robot_maze', 'ament_prefix_path')
[2.151s] INFO:colcon.colcon_core.shell:Creating environment hook '/home/julian/Task-1-Intro-to-Gazebo-actions-services/maze_roboot/install/robot_maze/share/robot_maze/hook/ament_prefix_path.ps1'
[2.153s] INFO:colcon.colcon_core.shell:Creating environment descriptor '/home/julian/Task-1-Intro-to-Gazebo-actions-services/maze_roboot/install/robot_maze/share/robot_maze/hook/ament_prefix_path.dsv'
[2.154s] INFO:colcon.colcon_core.shell:Creating environment hook '/home/julian/Task-1-Intro-to-Gazebo-actions-services/maze_roboot/install/robot_maze/share/robot_maze/hook/ament_prefix_path.sh'
[2.155s] INFO:colcon.colcon_core.shell:Skip shell extension 'powershell' for command environment: Not usable outside of PowerShell
[2.156s] DEBUG:colcon.colcon_core.shell:Skip shell extension 'dsv' for command environment
[2.733s] INFO:colcon.colcon_core.task.python.build:Building Python package in '/home/julian/Task-1-Intro-to-Gazebo-actions-services/maze_roboot/src/robot_maze'
[2.734s] INFO:colcon.colcon_core.shell:Skip shell extension 'powershell' for command environment: Not usable outside of PowerShell
[2.734s] DEBUG:colcon.colcon_core.shell:Skip shell extension 'dsv' for command environment
[4.439s] DEBUG:colcon.colcon_core.task.python.build:Available setuptools commands: clean, build, install_headers, init_catalog, update_catalog, easy_install, dist_info, build_clib, rotate, editable_wheel, alias, build_scripts, install_lib, symlink_data, upload_docs, register, bdist_dumb, develop, extract_messages, egg_info, bdist_wheel, build_ext, saveopts, install_data, install_egg_info, test, setopt, check, build_py, bdist_rpm, sdist, compile_catalog, bdist, bdist_egg, install_scripts, upload, install
[4.444s] DEBUG:colcon.colcon_core.event_handler.log_command:Invoking command in '/home/julian/Task-1-Intro-to-Gazebo-actions-services/maze_roboot/src/robot_maze': AMENT_PREFIX_PATH=/home/julian/Task-1-Intro-to-Gazebo-actions-services/maze_roboot/install/maze_interfaces:${AMENT_PREFIX_PATH} CMAKE_PREFIX_PATH=/home/julian/Task-1-Intro-to-Gazebo-actions-services/maze_roboot/install/maze_interfaces:${CMAKE_PREFIX_PATH} DEBUGINFOD_URLS=https://debuginfod.ubuntu.com LD_LIBRARY_PATH=/home/julian/Task-1-Intro-to-Gazebo-actions-services/maze_roboot/install/maze_interfaces/lib:${LD_LIBRARY_PATH} PYTHONPATH=/home/julian/Task-1-Intro-to-Gazebo-actions-services/maze_roboot/build/robot_maze/prefix_override:/usr/lib/python3/dist-packages/colcon_core/task/python/colcon_distutils_commands:/home/julian/Task-1-Intro-to-Gazebo-actions-services/maze_roboot/install/robot_maze/lib/python3.12/site-packages:/home/julian/Task-1-Intro-to-Gazebo-actions-services/maze_roboot/install/maze_interfaces/lib/python3.12/site-packages:${PYTHONPATH} /usr/bin/python3 -W ignore:setup.py install is deprecated -W ignore:easy_install command is deprecated setup.py egg_info --egg-base ../../build/robot_maze build --build-base /home/julian/Task-1-Intro-to-Gazebo-actions-services/maze_roboot/build/robot_maze/build install --record /home/julian/Task-1-Intro-to-Gazebo-actions-services/maze_roboot/build/robot_maze/install.log --install-scripts $base/lib/robot_maze --single-version-externally-managed install_data
[6.158s] Level 1:colcon.colcon_core.environment:checking '/home/julian/Task-1-Intro-to-Gazebo-actions-services/maze_roboot/install/robot_maze' for CMake module files
[6.160s] DEBUG:colcon.colcon_core.event_handler.log_command:Invoked command in '/home/julian/Task-1-Intro-to-Gazebo-actions-services/maze_roboot/src/robot_maze' returned '0': AMENT_PREFIX_PATH=/home/julian/Task-1-Intro-to-Gazebo-actions-services/maze_roboot/install/maze_interfaces:${AMENT_PREFIX_PATH} CMAKE_PREFIX_PATH=/home/julian/Task-1-Intro-to-Gazebo-actions-services/maze_roboot/install/maze_interfaces:${CMAKE_PREFIX_PATH} DEBUGINFOD_URLS=https://debuginfod.ubuntu.com LD_LIBRARY_PATH=/home/julian/Task-1-Intro-to-Gazebo-actions-services/maze_roboot/install/maze_interfaces/lib:${LD_LIBRARY_PATH} PYTHONPATH=/home/julian/Task-1-Intro-to-Gazebo-actions-services/maze_roboot/build/robot_maze/prefix_override:/usr/lib/python3/dist-packages/colcon_core/task/python/colcon_distutils_commands:/home/julian/Task-1-Intro-to-Gazebo-actions-services/maze_roboot/install/robot_maze/lib/python3.12/site-packages:/home/julian/Task-1-Intro-to-Gazebo-actions-services/maze_roboot/install/maze_interfaces/lib/python3.12/site-packages:${PYTHONPATH} /usr/bin/python3 -W ignore:setup.py install is deprecated -W ignore:easy_install command is deprecated setup.py egg_info --egg-base ../../build/robot_maze build --build-base /home/julian/Task-1-Intro-to-Gazebo-actions-services/maze_roboot/build/robot_maze/build install --record /home/julian/Task-1-Intro-to-Gazebo-actions-services/maze_roboot/build/robot_maze/install.log --install-scripts $base/lib/robot_maze --single-version-externally-managed install_data
[6.161s] Level 1:colcon.colcon_core.environment:checking '/home/julian/Task-1-Intro-to-Gazebo-actions-services/maze_roboot/install/robot_maze' for CMake config files
[6.162s] Level 1:colcon.colcon_core.environment:checking '/home/julian/Task-1-Intro-to-Gazebo-actions-services/maze_roboot/install/robot_maze/lib'
[6.163s] Level 1:colcon.colcon_core.environment:checking '/home/julian/Task-1-Intro-to-Gazebo-actions-services/maze_roboot/install/robot_maze/bin'
[6.163s] Level 1:colcon.colcon_core.environment:checking '/home/julian/Task-1-Intro-to-Gazebo-actions-services/maze_roboot/install/robot_maze/lib/pkgconfig/robot_maze.pc'
[6.164s] Level 1:colcon.colcon_core.environment:checking '/home/julian/Task-1-Intro-to-Gazebo-actions-services/maze_roboot/install/robot_maze/lib/python3.12/site-packages'
[6.164s] Level 1:colcon.colcon_core.shell:create_environment_hook('robot_maze', 'pythonpath')
[6.165s] INFO:colcon.colcon_core.shell:Creating environment hook '/home/julian/Task-1-Intro-to-Gazebo-actions-services/maze_roboot/install/robot_maze/share/robot_maze/hook/pythonpath.ps1'
[6.166s] INFO:colcon.colcon_core.shell:Creating environment descriptor '/home/julian/Task-1-Intro-to-Gazebo-actions-services/maze_roboot/install/robot_maze/share/robot_maze/hook/pythonpath.dsv'
[6.167s] INFO:colcon.colcon_core.shell:Creating environment hook '/home/julian/Task-1-Intro-to-Gazebo-actions-services/maze_roboot/install/robot_maze/share/robot_maze/hook/pythonpath.sh'
[6.169s] Level 1:colcon.colcon_core.environment:checking '/home/julian/Task-1-Intro-to-Gazebo-actions-services/maze_roboot/install/robot_maze/bin'
[6.169s] Level 1:colcon.colcon_core.environment:create_environment_scripts_only(robot_maze)
[6.170s] INFO:colcon.colcon_core.shell:Creating package script '/home/julian/Task-1-Intro-to-Gazebo-actions-services/maze_roboot/install/robot_maze/share/robot_maze/package.ps1'
[6.172s] INFO:colcon.colcon_core.shell:Creating package descriptor '/home/julian/Task-1-Intro-to-Gazebo-actions-services/maze_roboot/install/robot_maze/share/robot_maze/package.dsv'
[6.174s] INFO:colcon.colcon_core.shell:Creating package script '/home/julian/Task-1-Intro-to-Gazebo-actions-services/maze_roboot/install/robot_maze/share/robot_maze/package.sh'
[6.176s] INFO:colcon.colcon_core.shell:Creating package script '/home/julian/Task-1-Intro-to-Gazebo-actions-services/maze_roboot/install/robot_maze/share/robot_maze/package.bash'
[6.177s] INFO:colcon.colcon_core.shell:Creating package script '/home/julian/Task-1-Intro-to-Gazebo-actions-services/maze_roboot/install/robot_maze/share/robot_maze/package.zsh'
[6.178s] Level 1:colcon.colcon_core.environment:create_file_with_runtime_dependencies(/home/julian/Task-1-Intro-to-Gazebo-actions-services/maze_roboot/install/robot_maze/share/colcon-core/packages/robot_maze)
[6.179s] DEBUG:colcon.colcon_parallel_executor.executor.parallel:closing loop
[6.180s] DEBUG:colcon.colcon_parallel_executor.executor.parallel:loop closed
[6.180s] DEBUG:colcon.colcon_parallel_executor.executor.parallel:run_until_complete finished with '0'
[6.180s] DEBUG:colcon.colcon_core.event_reactor:joining thread
[6.195s] INFO:colcon.colcon_core.plugin_system:Skipping extension 'colcon_notification.desktop_notification.terminal_notifier': Not used on non-Darwin systems
[6.195s] INFO:colcon.colcon_core.plugin_system:Skipping extension 'colcon_notification.desktop_notification.win32': Not used on non-Windows systems
[6.196s] INFO:colcon.colcon_notification.desktop_notification:Sending desktop notification using 'notify2'
[6.231s] DEBUG:colcon.colcon_core.event_reactor:joined thread
[6.231s] INFO:colcon.colcon_core.shell:Creating prefix script '/home/julian/Task-1-Intro-to-Gazebo-actions-services/maze_roboot/install/local_setup.ps1'
[6.235s] INFO:colcon.colcon_core.shell:Creating prefix util module '/home/julian/Task-1-Intro-to-Gazebo-actions-services/maze_roboot/install/_local_setup_util_ps1.py'
[6.239s] INFO:colcon.colcon_core.shell:Creating prefix chain script '/home/julian/Task-1-Intro-to-Gazebo-actions-services/maze_roboot/install/setup.ps1'
[6.243s] INFO:colcon.colcon_core.shell:Creating prefix script '/home/julian/Task-1-Intro-to-Gazebo-actions-services/maze_roboot/install/local_setup.sh'
[6.244s] INFO:colcon.colcon_core.shell:Creating prefix util module '/home/julian/Task-1-Intro-to-Gazebo-actions-services/maze_roboot/install/_local_setup_util_sh.py'
[6.245s] INFO:colcon.colcon_core.shell:Creating prefix chain script '/home/julian/Task-1-Intro-to-Gazebo-actions-services/maze_roboot/install/setup.sh'
[6.247s] INFO:colcon.colcon_core.shell:Creating prefix script '/home/julian/Task-1-Intro-to-Gazebo-actions-services/maze_roboot/install/local_setup.bash'
[6.249s] INFO:colcon.colcon_core.shell:Creating prefix chain script '/home/julian/Task-1-Intro-to-Gazebo-actions-services/maze_roboot/install/setup.bash'
[6.251s] INFO:colcon.colcon_core.shell:Creating prefix script '/home/julian/Task-1-Intro-to-Gazebo-actions-services/maze_roboot/install/local_setup.zsh'
[6.253s] INFO:colcon.colcon_core.shell:Creating prefix chain script '/home/julian/Task-1-Intro-to-Gazebo-actions-services/maze_roboot/install/setup.zsh'
