[0.029s] Invoking command in '/home/julian/Task-1-Intro-to-Gazebo-actions-services/maze_roboot/build/maze_interfaces': CMAKE_PREFIX_PATH=${CMAKE_PREFIX_PATH}:/home/julian/Task-1-Intro-to-Gazebo-actions-services/maze_roboot/install/robot_maze:/home/julian/training_ws/install/maze_control:/opt/ros/jazzy DEBUGINFOD_URLS=https://debuginfod.ubuntu.com /usr/bin/cmake --build /home/julian/Task-1-Intro-to-Gazebo-actions-services/maze_roboot/build/maze_interfaces -- -j8 -l8
[0.170s] [  4%] Built target maze_interfaces__rs
[0.170s] [  4%] Built target maze_interfaces__rosidl_generator_type_description
[0.194s] [  4%] Built target ament_cmake_python_copy_maze_interfaces
[0.233s] [  6%] Built target maze_interfaces__cpp
[0.238s] [ 24%] Built target maze_interfaces__rosidl_generator_c
[0.306s] [ 35%] Built target maze_interfaces__rosidl_typesupport_c
[0.307s] [ 42%] Built target maze_interfaces__rosidl_typesupport_introspection_c
[0.312s] [ 51%] Built target maze_interfaces__rosidl_typesupport_fastrtps_c
[0.318s] [ 60%] Built target maze_interfaces__rosidl_typesupport_cpp
[0.322s] [ 68%] Built target maze_interfaces__rosidl_typesupport_fastrtps_cpp
[0.327s] [ 77%] Built target maze_interfaces__rosidl_typesupport_introspection_cpp
[0.376s] [ 77%] Built target maze_interfaces
[0.426s] [ 80%] Built target maze_interfaces__py
[0.482s] [ 86%] Built target maze_interfaces__rosidl_generator_py
[0.543s] [ 91%] Built target maze_interfaces_s__rosidl_typesupport_c
[0.543s] [ 95%] Built target maze_interfaces_s__rosidl_typesupport_fastrtps_c
[0.547s] [100%] Built target maze_interfaces_s__rosidl_typesupport_introspection_c
[0.870s] running egg_info
[0.926s] writing maze_interfaces.egg-info/PKG-INFO
[0.927s] writing dependency_links to maze_interfaces.egg-info/dependency_links.txt
[0.927s] writing top-level names to maze_interfaces.egg-info/top_level.txt
[1.102s] reading manifest file 'maze_interfaces.egg-info/SOURCES.txt'
[1.104s] writing manifest file 'maze_interfaces.egg-info/SOURCES.txt'
[1.160s] [100%] Built target ament_cmake_python_build_maze_interfaces_egg
[1.186s] Invoked command in '/home/julian/Task-1-Intro-to-Gazebo-actions-services/maze_roboot/build/maze_interfaces' returned '0': CMAKE_PREFIX_PATH=${CMAKE_PREFIX_PATH}:/home/julian/Task-1-Intro-to-Gazebo-actions-services/maze_roboot/install/robot_maze:/home/julian/training_ws/install/maze_control:/opt/ros/jazzy DEBUGINFOD_URLS=https://debuginfod.ubuntu.com /usr/bin/cmake --build /home/julian/Task-1-Intro-to-Gazebo-actions-services/maze_roboot/build/maze_interfaces -- -j8 -l8
[1.210s] Invoking command in '/home/julian/Task-1-Intro-to-Gazebo-actions-services/maze_roboot/build/maze_interfaces': CMAKE_PREFIX_PATH=${CMAKE_PREFIX_PATH}:/home/julian/Task-1-Intro-to-Gazebo-actions-services/maze_roboot/install/robot_maze:/home/julian/training_ws/install/maze_control:/opt/ros/jazzy DEBUGINFOD_URLS=https://debuginfod.ubuntu.com /usr/bin/cmake --install /home/julian/Task-1-Intro-to-Gazebo-actions-services/maze_roboot/build/maze_interfaces
[1.228s] -- Install configuration: ""
[1.228s] -- Up-to-date: /home/julian/Task-1-Intro-to-Gazebo-actions-services/maze_roboot/install/maze_interfaces/share/ament_index/resource_index/rosidl_interfaces/maze_interfaces
[1.229s] -- Up-to-date: /home/julian/Task-1-Intro-to-Gazebo-actions-services/maze_roboot/install/maze_interfaces/share/maze_interfaces/action/MovementX.json
[1.229s] -- Up-to-date: /home/julian/Task-1-Intro-to-Gazebo-actions-services/maze_roboot/install/maze_interfaces/share/maze_interfaces/action/MovementYaw.json
[1.229s] -- Up-to-date: /home/julian/Task-1-Intro-to-Gazebo-actions-services/maze_roboot/install/maze_interfaces/include/maze_interfaces/maze_interfaces
[1.230s] -- Up-to-date: /home/julian/Task-1-Intro-to-Gazebo-actions-services/maze_roboot/install/maze_interfaces/include/maze_interfaces/maze_interfaces/action
[1.230s] -- Up-to-date: /home/julian/Task-1-Intro-to-Gazebo-actions-services/maze_roboot/install/maze_interfaces/include/maze_interfaces/maze_interfaces/action/movement_yaw.h
[1.231s] -- Up-to-date: /home/julian/Task-1-Intro-to-Gazebo-actions-services/maze_roboot/install/maze_interfaces/include/maze_interfaces/maze_interfaces/action/detail
[1.231s] -- Up-to-date: /home/julian/Task-1-Intro-to-Gazebo-actions-services/maze_roboot/install/maze_interfaces/include/maze_interfaces/maze_interfaces/action/detail/movement_yaw__functions.c
[1.231s] -- Up-to-date: /home/julian/Task-1-Intro-to-Gazebo-actions-services/maze_roboot/install/maze_interfaces/include/maze_interfaces/maze_interfaces/action/detail/movement_yaw__description.c
[1.231s] -- Installing: /home/julian/Task-1-Intro-to-Gazebo-actions-services/maze_roboot/install/maze_interfaces/include/maze_interfaces/maze_interfaces/action/detail/movement_x__type_support.c
[1.232s] -- Up-to-date: /home/julian/Task-1-Intro-to-Gazebo-actions-services/maze_roboot/install/maze_interfaces/include/maze_interfaces/maze_interfaces/action/detail/movement_yaw__functions.h
[1.233s] -- Up-to-date: /home/julian/Task-1-Intro-to-Gazebo-actions-services/maze_roboot/install/maze_interfaces/include/maze_interfaces/maze_interfaces/action/detail/movement_x__functions.c
[1.233s] -- Up-to-date: /home/julian/Task-1-Intro-to-Gazebo-actions-services/maze_roboot/install/maze_interfaces/include/maze_interfaces/maze_interfaces/action/detail/movement_x__functions.h
[1.234s] -- Up-to-date: /home/julian/Task-1-Intro-to-Gazebo-actions-services/maze_roboot/install/maze_interfaces/include/maze_interfaces/maze_interfaces/action/detail/movement_x__struct.h
[1.234s] -- Up-to-date: /home/julian/Task-1-Intro-to-Gazebo-actions-services/maze_roboot/install/maze_interfaces/include/maze_interfaces/maze_interfaces/action/detail/movement_x__description.c
[1.234s] -- Up-to-date: /home/julian/Task-1-Intro-to-Gazebo-actions-services/maze_roboot/install/maze_interfaces/include/maze_interfaces/maze_interfaces/action/detail/movement_yaw__struct.h
[1.235s] -- Installing: /home/julian/Task-1-Intro-to-Gazebo-actions-services/maze_roboot/install/maze_interfaces/include/maze_interfaces/maze_interfaces/action/detail/movement_yaw__type_support.c
[1.235s] -- Up-to-date: /home/julian/Task-1-Intro-to-Gazebo-actions-services/maze_roboot/install/maze_interfaces/include/maze_interfaces/maze_interfaces/action/detail/movement_yaw__type_support.h
[1.235s] -- Up-to-date: /home/julian/Task-1-Intro-to-Gazebo-actions-services/maze_roboot/install/maze_interfaces/include/maze_interfaces/maze_interfaces/action/detail/movement_x__type_support.h
[1.236s] -- Up-to-date: /home/julian/Task-1-Intro-to-Gazebo-actions-services/maze_roboot/install/maze_interfaces/include/maze_interfaces/maze_interfaces/action/movement_x.h
[1.236s] -- Up-to-date: /home/julian/Task-1-Intro-to-Gazebo-actions-services/maze_roboot/install/maze_interfaces/include/maze_interfaces/maze_interfaces/msg
[1.237s] -- Up-to-date: /home/julian/Task-1-Intro-to-Gazebo-actions-services/maze_roboot/install/maze_interfaces/include/maze_interfaces/maze_interfaces/msg/rosidl_generator_c__visibility_control.h
[1.237s] -- Up-to-date: /home/julian/Task-1-Intro-to-Gazebo-actions-services/maze_roboot/install/maze_interfaces/share/maze_interfaces/environment/library_path.sh
[1.237s] -- Up-to-date: /home/julian/Task-1-Intro-to-Gazebo-actions-services/maze_roboot/install/maze_interfaces/share/maze_interfaces/environment/library_path.dsv
[1.238s] -- Up-to-date: /home/julian/Task-1-Intro-to-Gazebo-actions-services/maze_roboot/install/maze_interfaces/lib/libmaze_interfaces__rosidl_generator_c.so
[1.238s] -- Up-to-date: /home/julian/Task-1-Intro-to-Gazebo-actions-services/maze_roboot/install/maze_interfaces/include/maze_interfaces/maze_interfaces
[1.238s] -- Up-to-date: /home/julian/Task-1-Intro-to-Gazebo-actions-services/maze_roboot/install/maze_interfaces/include/maze_interfaces/maze_interfaces/action
[1.238s] -- Up-to-date: /home/julian/Task-1-Intro-to-Gazebo-actions-services/maze_roboot/install/maze_interfaces/include/maze_interfaces/maze_interfaces/action/detail
[1.239s] -- Up-to-date: /home/julian/Task-1-Intro-to-Gazebo-actions-services/maze_roboot/install/maze_interfaces/include/maze_interfaces/maze_interfaces/action/detail/movement_yaw__rosidl_typesupport_fastrtps_c.h
[1.239s] -- Up-to-date: /home/julian/Task-1-Intro-to-Gazebo-actions-services/maze_roboot/install/maze_interfaces/include/maze_interfaces/maze_interfaces/action/detail/movement_x__rosidl_typesupport_fastrtps_c.h
[1.239s] -- Up-to-date: /home/julian/Task-1-Intro-to-Gazebo-actions-services/maze_roboot/install/maze_interfaces/include/maze_interfaces/maze_interfaces/msg
[1.240s] -- Up-to-date: /home/julian/Task-1-Intro-to-Gazebo-actions-services/maze_roboot/install/maze_interfaces/include/maze_interfaces/maze_interfaces/msg/rosidl_typesupport_fastrtps_c__visibility_control.h
[1.240s] -- Up-to-date: /home/julian/Task-1-Intro-to-Gazebo-actions-services/maze_roboot/install/maze_interfaces/lib/libmaze_interfaces__rosidl_typesupport_fastrtps_c.so
[1.240s] -- Up-to-date: /home/julian/Task-1-Intro-to-Gazebo-actions-services/maze_roboot/install/maze_interfaces/include/maze_interfaces/maze_interfaces
[1.240s] -- Up-to-date: /home/julian/Task-1-Intro-to-Gazebo-actions-services/maze_roboot/install/maze_interfaces/include/maze_interfaces/maze_interfaces/action
[1.241s] -- Up-to-date: /home/julian/Task-1-Intro-to-Gazebo-actions-services/maze_roboot/install/maze_interfaces/include/maze_interfaces/maze_interfaces/action/detail
[1.241s] -- Up-to-date: /home/julian/Task-1-Intro-to-Gazebo-actions-services/maze_roboot/install/maze_interfaces/include/maze_interfaces/maze_interfaces/action/detail/movement_x__rosidl_typesupport_introspection_c.h
[1.241s] -- Installing: /home/julian/Task-1-Intro-to-Gazebo-actions-services/maze_roboot/install/maze_interfaces/include/maze_interfaces/maze_interfaces/action/detail/movement_x__type_support.c
[1.242s] -- Installing: /home/julian/Task-1-Intro-to-Gazebo-actions-services/maze_roboot/install/maze_interfaces/include/maze_interfaces/maze_interfaces/action/detail/movement_yaw__type_support.c
[1.242s] -- Up-to-date: /home/julian/Task-1-Intro-to-Gazebo-actions-services/maze_roboot/install/maze_interfaces/include/maze_interfaces/maze_interfaces/action/detail/movement_yaw__rosidl_typesupport_introspection_c.h
[1.242s] -- Up-to-date: /home/julian/Task-1-Intro-to-Gazebo-actions-services/maze_roboot/install/maze_interfaces/include/maze_interfaces/maze_interfaces/msg
[1.243s] -- Up-to-date: /home/julian/Task-1-Intro-to-Gazebo-actions-services/maze_roboot/install/maze_interfaces/include/maze_interfaces/maze_interfaces/msg/rosidl_typesupport_introspection_c__visibility_control.h
[1.243s] -- Up-to-date: /home/julian/Task-1-Intro-to-Gazebo-actions-services/maze_roboot/install/maze_interfaces/lib/libmaze_interfaces__rosidl_typesupport_introspection_c.so
[1.244s] -- Up-to-date: /home/julian/Task-1-Intro-to-Gazebo-actions-services/maze_roboot/install/maze_interfaces/lib/libmaze_interfaces__rosidl_typesupport_c.so
[1.244s] -- Up-to-date: /home/julian/Task-1-Intro-to-Gazebo-actions-services/maze_roboot/install/maze_interfaces/include/maze_interfaces/maze_interfaces
[1.245s] -- Up-to-date: /home/julian/Task-1-Intro-to-Gazebo-actions-services/maze_roboot/install/maze_interfaces/include/maze_interfaces/maze_interfaces/action
[1.245s] -- Up-to-date: /home/julian/Task-1-Intro-to-Gazebo-actions-services/maze_roboot/install/maze_interfaces/include/maze_interfaces/maze_interfaces/action/movement_x.hpp
[1.245s] -- Up-to-date: /home/julian/Task-1-Intro-to-Gazebo-actions-services/maze_roboot/install/maze_interfaces/include/maze_interfaces/maze_interfaces/action/movement_yaw.hpp
[1.246s] -- Up-to-date: /home/julian/Task-1-Intro-to-Gazebo-actions-services/maze_roboot/install/maze_interfaces/include/maze_interfaces/maze_interfaces/action/detail
[1.246s] -- Up-to-date: /home/julian/Task-1-Intro-to-Gazebo-actions-services/maze_roboot/install/maze_interfaces/include/maze_interfaces/maze_interfaces/action/detail/movement_x__type_support.hpp
[1.246s] -- Up-to-date: /home/julian/Task-1-Intro-to-Gazebo-actions-services/maze_roboot/install/maze_interfaces/include/maze_interfaces/maze_interfaces/action/detail/movement_x__struct.hpp
[1.247s] -- Up-to-date: /home/julian/Task-1-Intro-to-Gazebo-actions-services/maze_roboot/install/maze_interfaces/include/maze_interfaces/maze_interfaces/action/detail/movement_yaw__type_support.hpp
[1.247s] -- Up-to-date: /home/julian/Task-1-Intro-to-Gazebo-actions-services/maze_roboot/install/maze_interfaces/include/maze_interfaces/maze_interfaces/action/detail/movement_yaw__builder.hpp
[1.247s] -- Up-to-date: /home/julian/Task-1-Intro-to-Gazebo-actions-services/maze_roboot/install/maze_interfaces/include/maze_interfaces/maze_interfaces/action/detail/movement_x__builder.hpp
[1.247s] -- Up-to-date: /home/julian/Task-1-Intro-to-Gazebo-actions-services/maze_roboot/install/maze_interfaces/include/maze_interfaces/maze_interfaces/action/detail/movement_x__traits.hpp
[1.248s] -- Up-to-date: /home/julian/Task-1-Intro-to-Gazebo-actions-services/maze_roboot/install/maze_interfaces/include/maze_interfaces/maze_interfaces/action/detail/movement_yaw__traits.hpp
[1.248s] -- Up-to-date: /home/julian/Task-1-Intro-to-Gazebo-actions-services/maze_roboot/install/maze_interfaces/include/maze_interfaces/maze_interfaces/action/detail/movement_yaw__struct.hpp
[1.248s] -- Up-to-date: /home/julian/Task-1-Intro-to-Gazebo-actions-services/maze_roboot/install/maze_interfaces/include/maze_interfaces/maze_interfaces/msg
[1.249s] -- Up-to-date: /home/julian/Task-1-Intro-to-Gazebo-actions-services/maze_roboot/install/maze_interfaces/include/maze_interfaces/maze_interfaces/msg/rosidl_generator_cpp__visibility_control.hpp
[1.249s] -- Up-to-date: /home/julian/Task-1-Intro-to-Gazebo-actions-services/maze_roboot/install/maze_interfaces/include/maze_interfaces/maze_interfaces
[1.249s] -- Up-to-date: /home/julian/Task-1-Intro-to-Gazebo-actions-services/maze_roboot/install/maze_interfaces/include/maze_interfaces/maze_interfaces/action
[1.250s] -- Up-to-date: /home/julian/Task-1-Intro-to-Gazebo-actions-services/maze_roboot/install/maze_interfaces/include/maze_interfaces/maze_interfaces/action/detail
[1.250s] -- Up-to-date: /home/julian/Task-1-Intro-to-Gazebo-actions-services/maze_roboot/install/maze_interfaces/include/maze_interfaces/maze_interfaces/action/detail/movement_x__rosidl_typesupport_fastrtps_cpp.hpp
[1.250s] -- Up-to-date: /home/julian/Task-1-Intro-to-Gazebo-actions-services/maze_roboot/install/maze_interfaces/include/maze_interfaces/maze_interfaces/action/detail/movement_yaw__rosidl_typesupport_fastrtps_cpp.hpp
[1.251s] -- Up-to-date: /home/julian/Task-1-Intro-to-Gazebo-actions-services/maze_roboot/install/maze_interfaces/include/maze_interfaces/maze_interfaces/action/detail/dds_fastrtps
[1.251s] -- Up-to-date: /home/julian/Task-1-Intro-to-Gazebo-actions-services/maze_roboot/install/maze_interfaces/include/maze_interfaces/maze_interfaces/msg
[1.251s] -- Up-to-date: /home/julian/Task-1-Intro-to-Gazebo-actions-services/maze_roboot/install/maze_interfaces/include/maze_interfaces/maze_interfaces/msg/rosidl_typesupport_fastrtps_cpp__visibility_control.h
[1.252s] -- Up-to-date: /home/julian/Task-1-Intro-to-Gazebo-actions-services/maze_roboot/install/maze_interfaces/lib/libmaze_interfaces__rosidl_typesupport_fastrtps_cpp.so
[1.252s] -- Up-to-date: /home/julian/Task-1-Intro-to-Gazebo-actions-services/maze_roboot/install/maze_interfaces/include/maze_interfaces/maze_interfaces
[1.252s] -- Up-to-date: /home/julian/Task-1-Intro-to-Gazebo-actions-services/maze_roboot/install/maze_interfaces/include/maze_interfaces/maze_interfaces/action
[1.252s] -- Up-to-date: /home/julian/Task-1-Intro-to-Gazebo-actions-services/maze_roboot/install/maze_interfaces/include/maze_interfaces/maze_interfaces/action/detail
[1.253s] -- Up-to-date: /home/julian/Task-1-Intro-to-Gazebo-actions-services/maze_roboot/install/maze_interfaces/include/maze_interfaces/maze_interfaces/action/detail/movement_yaw__rosidl_typesupport_introspection_cpp.hpp
[1.253s] -- Up-to-date: /home/julian/Task-1-Intro-to-Gazebo-actions-services/maze_roboot/install/maze_interfaces/include/maze_interfaces/maze_interfaces/action/detail/movement_x__rosidl_typesupport_introspection_cpp.hpp
[1.253s] -- Up-to-date: /home/julian/Task-1-Intro-to-Gazebo-actions-services/maze_roboot/install/maze_interfaces/include/maze_interfaces/maze_interfaces/action/detail/movement_x__type_support.cpp
[1.254s] -- Up-to-date: /home/julian/Task-1-Intro-to-Gazebo-actions-services/maze_roboot/install/maze_interfaces/include/maze_interfaces/maze_interfaces/action/detail/movement_yaw__type_support.cpp
[1.254s] -- Up-to-date: /home/julian/Task-1-Intro-to-Gazebo-actions-services/maze_roboot/install/maze_interfaces/lib/libmaze_interfaces__rosidl_typesupport_introspection_cpp.so
[1.254s] -- Up-to-date: /home/julian/Task-1-Intro-to-Gazebo-actions-services/maze_roboot/install/maze_interfaces/lib/libmaze_interfaces__rosidl_typesupport_cpp.so
[1.255s] -- Up-to-date: /home/julian/Task-1-Intro-to-Gazebo-actions-services/maze_roboot/install/maze_interfaces/share/maze_interfaces/environment/pythonpath.sh
[1.255s] -- Up-to-date: /home/julian/Task-1-Intro-to-Gazebo-actions-services/maze_roboot/install/maze_interfaces/share/maze_interfaces/environment/pythonpath.dsv
[1.255s] -- Up-to-date: /home/julian/Task-1-Intro-to-Gazebo-actions-services/maze_roboot/install/maze_interfaces/lib/python3.12/site-packages/maze_interfaces-0.0.0-py3.12.egg-info
[1.255s] -- Installing: /home/julian/Task-1-Intro-to-Gazebo-actions-services/maze_roboot/install/maze_interfaces/lib/python3.12/site-packages/maze_interfaces-0.0.0-py3.12.egg-info/PKG-INFO
[1.255s] -- Installing: /home/julian/Task-1-Intro-to-Gazebo-actions-services/maze_roboot/install/maze_interfaces/lib/python3.12/site-packages/maze_interfaces-0.0.0-py3.12.egg-info/dependency_links.txt
[1.256s] -- Installing: /home/julian/Task-1-Intro-to-Gazebo-actions-services/maze_roboot/install/maze_interfaces/lib/python3.12/site-packages/maze_interfaces-0.0.0-py3.12.egg-info/top_level.txt
[1.256s] -- Installing: /home/julian/Task-1-Intro-to-Gazebo-actions-services/maze_roboot/install/maze_interfaces/lib/python3.12/site-packages/maze_interfaces-0.0.0-py3.12.egg-info/SOURCES.txt
[1.256s] -- Up-to-date: /home/julian/Task-1-Intro-to-Gazebo-actions-services/maze_roboot/install/maze_interfaces/lib/python3.12/site-packages/maze_interfaces
[1.256s] -- Up-to-date: /home/julian/Task-1-Intro-to-Gazebo-actions-services/maze_roboot/install/maze_interfaces/lib/python3.12/site-packages/maze_interfaces/action
[1.257s] -- Up-to-date: /home/julian/Task-1-Intro-to-Gazebo-actions-services/maze_roboot/install/maze_interfaces/lib/python3.12/site-packages/maze_interfaces/action/_movement_x.py
[1.257s] -- Up-to-date: /home/julian/Task-1-Intro-to-Gazebo-actions-services/maze_roboot/install/maze_interfaces/lib/python3.12/site-packages/maze_interfaces/action/_movement_yaw.py
[1.257s] -- Up-to-date: /home/julian/Task-1-Intro-to-Gazebo-actions-services/maze_roboot/install/maze_interfaces/lib/python3.12/site-packages/maze_interfaces/action/_movement_yaw_s.c
[1.257s] -- Up-to-date: /home/julian/Task-1-Intro-to-Gazebo-actions-services/maze_roboot/install/maze_interfaces/lib/python3.12/site-packages/maze_interfaces/action/__init__.py
[1.257s] -- Up-to-date: /home/julian/Task-1-Intro-to-Gazebo-actions-services/maze_roboot/install/maze_interfaces/lib/python3.12/site-packages/maze_interfaces/action/_movement_x_s.c
[1.258s] -- Up-to-date: /home/julian/Task-1-Intro-to-Gazebo-actions-services/maze_roboot/install/maze_interfaces/lib/python3.12/site-packages/maze_interfaces/maze_interfaces_s__rosidl_typesupport_fastrtps_c.so
[1.258s] -- Up-to-date: /home/julian/Task-1-Intro-to-Gazebo-actions-services/maze_roboot/install/maze_interfaces/lib/python3.12/site-packages/maze_interfaces/maze_interfaces_s__rosidl_typesupport_introspection_c.so
[1.258s] -- Up-to-date: /home/julian/Task-1-Intro-to-Gazebo-actions-services/maze_roboot/install/maze_interfaces/lib/python3.12/site-packages/maze_interfaces/_maze_interfaces_s.ep.rosidl_typesupport_fastrtps_c.c
[1.259s] -- Up-to-date: /home/julian/Task-1-Intro-to-Gazebo-actions-services/maze_roboot/install/maze_interfaces/lib/python3.12/site-packages/maze_interfaces/__init__.py
[1.259s] -- Up-to-date: /home/julian/Task-1-Intro-to-Gazebo-actions-services/maze_roboot/install/maze_interfaces/lib/python3.12/site-packages/maze_interfaces/_maze_interfaces_s.ep.rosidl_typesupport_introspection_c.c
[1.259s] -- Up-to-date: /home/julian/Task-1-Intro-to-Gazebo-actions-services/maze_roboot/install/maze_interfaces/lib/python3.12/site-packages/maze_interfaces/maze_interfaces_s__rosidl_typesupport_c.so
[1.259s] -- Up-to-date: /home/julian/Task-1-Intro-to-Gazebo-actions-services/maze_roboot/install/maze_interfaces/lib/python3.12/site-packages/maze_interfaces/_maze_interfaces_s.ep.rosidl_typesupport_c.c
[1.327s] Listing '/home/julian/Task-1-Intro-to-Gazebo-actions-services/maze_roboot/install/maze_interfaces/lib/python3.12/site-packages/maze_interfaces'...
[1.328s] Listing '/home/julian/Task-1-Intro-to-Gazebo-actions-services/maze_roboot/install/maze_interfaces/lib/python3.12/site-packages/maze_interfaces/action'...
[1.340s] -- Up-to-date: /home/julian/Task-1-Intro-to-Gazebo-actions-services/maze_roboot/install/maze_interfaces/lib/python3.12/site-packages/maze_interfaces/maze_interfaces_s__rosidl_typesupport_fastrtps_c.so
[1.341s] -- Up-to-date: /home/julian/Task-1-Intro-to-Gazebo-actions-services/maze_roboot/install/maze_interfaces/lib/python3.12/site-packages/maze_interfaces/maze_interfaces_s__rosidl_typesupport_introspection_c.so
[1.342s] -- Up-to-date: /home/julian/Task-1-Intro-to-Gazebo-actions-services/maze_roboot/install/maze_interfaces/lib/python3.12/site-packages/maze_interfaces/maze_interfaces_s__rosidl_typesupport_c.so
[1.343s] -- Up-to-date: /home/julian/Task-1-Intro-to-Gazebo-actions-services/maze_roboot/install/maze_interfaces/lib/libmaze_interfaces__rosidl_generator_py.so
[1.344s] -- Up-to-date: /home/julian/Task-1-Intro-to-Gazebo-actions-services/maze_roboot/install/maze_interfaces/share/ament_index/resource_index/rust_packages/maze_interfaces
[1.344s] -- Up-to-date: /home/julian/Task-1-Intro-to-Gazebo-actions-services/maze_roboot/install/maze_interfaces/share/maze_interfaces/rust
[1.345s] -- Up-to-date: /home/julian/Task-1-Intro-to-Gazebo-actions-services/maze_roboot/install/maze_interfaces/share/maze_interfaces/rust/build.rs
[1.345s] -- Up-to-date: /home/julian/Task-1-Intro-to-Gazebo-actions-services/maze_roboot/install/maze_interfaces/share/maze_interfaces/rust/src
[1.346s] -- Up-to-date: /home/julian/Task-1-Intro-to-Gazebo-actions-services/maze_roboot/install/maze_interfaces/share/maze_interfaces/rust/src/action
[1.346s] -- Up-to-date: /home/julian/Task-1-Intro-to-Gazebo-actions-services/maze_roboot/install/maze_interfaces/share/maze_interfaces/rust/src/action/rmw.rs
[1.347s] -- Up-to-date: /home/julian/Task-1-Intro-to-Gazebo-actions-services/maze_roboot/install/maze_interfaces/share/maze_interfaces/rust/src/action.rs
[1.347s] -- Up-to-date: /home/julian/Task-1-Intro-to-Gazebo-actions-services/maze_roboot/install/maze_interfaces/share/maze_interfaces/rust/src/lib.rs
[1.347s] -- Up-to-date: /home/julian/Task-1-Intro-to-Gazebo-actions-services/maze_roboot/install/maze_interfaces/share/maze_interfaces/rust/Cargo.toml
[1.348s] -- Up-to-date: /home/julian/Task-1-Intro-to-Gazebo-actions-services/maze_roboot/install/maze_interfaces/share/maze_interfaces/action/MovementX.idl
[1.348s] -- Up-to-date: /home/julian/Task-1-Intro-to-Gazebo-actions-services/maze_roboot/install/maze_interfaces/share/maze_interfaces/action/MovementYaw.idl
[1.348s] -- Up-to-date: /home/julian/Task-1-Intro-to-Gazebo-actions-services/maze_roboot/install/maze_interfaces/share/maze_interfaces/action/MovementX.action
[1.348s] -- Up-to-date: /home/julian/Task-1-Intro-to-Gazebo-actions-services/maze_roboot/install/maze_interfaces/share/maze_interfaces/action/MovementYaw.action
[1.349s] -- Up-to-date: /home/julian/Task-1-Intro-to-Gazebo-actions-services/maze_roboot/install/maze_interfaces/share/ament_index/resource_index/package_run_dependencies/maze_interfaces
[1.349s] -- Up-to-date: /home/julian/Task-1-Intro-to-Gazebo-actions-services/maze_roboot/install/maze_interfaces/share/ament_index/resource_index/parent_prefix_path/maze_interfaces
[1.349s] -- Up-to-date: /home/julian/Task-1-Intro-to-Gazebo-actions-services/maze_roboot/install/maze_interfaces/share/maze_interfaces/environment/ament_prefix_path.sh
[1.350s] -- Up-to-date: /home/julian/Task-1-Intro-to-Gazebo-actions-services/maze_roboot/install/maze_interfaces/share/maze_interfaces/environment/ament_prefix_path.dsv
[1.350s] -- Up-to-date: /home/julian/Task-1-Intro-to-Gazebo-actions-services/maze_roboot/install/maze_interfaces/share/maze_interfaces/environment/path.sh
[1.350s] -- Up-to-date: /home/julian/Task-1-Intro-to-Gazebo-actions-services/maze_roboot/install/maze_interfaces/share/maze_interfaces/environment/path.dsv
[1.351s] -- Up-to-date: /home/julian/Task-1-Intro-to-Gazebo-actions-services/maze_roboot/install/maze_interfaces/share/maze_interfaces/local_setup.bash
[1.351s] -- Up-to-date: /home/julian/Task-1-Intro-to-Gazebo-actions-services/maze_roboot/install/maze_interfaces/share/maze_interfaces/local_setup.sh
[1.352s] -- Up-to-date: /home/julian/Task-1-Intro-to-Gazebo-actions-services/maze_roboot/install/maze_interfaces/share/maze_interfaces/local_setup.zsh
[1.352s] -- Up-to-date: /home/julian/Task-1-Intro-to-Gazebo-actions-services/maze_roboot/install/maze_interfaces/share/maze_interfaces/local_setup.dsv
[1.353s] -- Installing: /home/julian/Task-1-Intro-to-Gazebo-actions-services/maze_roboot/install/maze_interfaces/share/maze_interfaces/package.dsv
[1.353s] -- Up-to-date: /home/julian/Task-1-Intro-to-Gazebo-actions-services/maze_roboot/install/maze_interfaces/share/ament_index/resource_index/packages/maze_interfaces
[1.353s] -- Up-to-date: /home/julian/Task-1-Intro-to-Gazebo-actions-services/maze_roboot/install/maze_interfaces/share/maze_interfaces/cmake/export_maze_interfaces__rosidl_generator_cExport.cmake
[1.353s] -- Up-to-date: /home/julian/Task-1-Intro-to-Gazebo-actions-services/maze_roboot/install/maze_interfaces/share/maze_interfaces/cmake/export_maze_interfaces__rosidl_generator_cExport-noconfig.cmake
[1.354s] -- Up-to-date: /home/julian/Task-1-Intro-to-Gazebo-actions-services/maze_roboot/install/maze_interfaces/share/maze_interfaces/cmake/export_maze_interfaces__rosidl_typesupport_fastrtps_cExport.cmake
[1.354s] -- Up-to-date: /home/julian/Task-1-Intro-to-Gazebo-actions-services/maze_roboot/install/maze_interfaces/share/maze_interfaces/cmake/export_maze_interfaces__rosidl_typesupport_fastrtps_cExport-noconfig.cmake
[1.354s] -- Up-to-date: /home/julian/Task-1-Intro-to-Gazebo-actions-services/maze_roboot/install/maze_interfaces/share/maze_interfaces/cmake/maze_interfaces__rosidl_typesupport_introspection_cExport.cmake
[1.354s] -- Up-to-date: /home/julian/Task-1-Intro-to-Gazebo-actions-services/maze_roboot/install/maze_interfaces/share/maze_interfaces/cmake/maze_interfaces__rosidl_typesupport_introspection_cExport-noconfig.cmake
[1.354s] -- Up-to-date: /home/julian/Task-1-Intro-to-Gazebo-actions-services/maze_roboot/install/maze_interfaces/share/maze_interfaces/cmake/maze_interfaces__rosidl_typesupport_cExport.cmake
[1.355s] -- Up-to-date: /home/julian/Task-1-Intro-to-Gazebo-actions-services/maze_roboot/install/maze_interfaces/share/maze_interfaces/cmake/maze_interfaces__rosidl_typesupport_cExport-noconfig.cmake
[1.355s] -- Up-to-date: /home/julian/Task-1-Intro-to-Gazebo-actions-services/maze_roboot/install/maze_interfaces/share/maze_interfaces/cmake/export_maze_interfaces__rosidl_generator_cppExport.cmake
[1.355s] -- Up-to-date: /home/julian/Task-1-Intro-to-Gazebo-actions-services/maze_roboot/install/maze_interfaces/share/maze_interfaces/cmake/export_maze_interfaces__rosidl_typesupport_fastrtps_cppExport.cmake
[1.356s] -- Up-to-date: /home/julian/Task-1-Intro-to-Gazebo-actions-services/maze_roboot/install/maze_interfaces/share/maze_interfaces/cmake/export_maze_interfaces__rosidl_typesupport_fastrtps_cppExport-noconfig.cmake
[1.356s] -- Up-to-date: /home/julian/Task-1-Intro-to-Gazebo-actions-services/maze_roboot/install/maze_interfaces/share/maze_interfaces/cmake/maze_interfaces__rosidl_typesupport_introspection_cppExport.cmake
[1.356s] -- Up-to-date: /home/julian/Task-1-Intro-to-Gazebo-actions-services/maze_roboot/install/maze_interfaces/share/maze_interfaces/cmake/maze_interfaces__rosidl_typesupport_introspection_cppExport-noconfig.cmake
[1.356s] -- Up-to-date: /home/julian/Task-1-Intro-to-Gazebo-actions-services/maze_roboot/install/maze_interfaces/share/maze_interfaces/cmake/maze_interfaces__rosidl_typesupport_cppExport.cmake
[1.357s] -- Up-to-date: /home/julian/Task-1-Intro-to-Gazebo-actions-services/maze_roboot/install/maze_interfaces/share/maze_interfaces/cmake/maze_interfaces__rosidl_typesupport_cppExport-noconfig.cmake
[1.357s] -- Up-to-date: /home/julian/Task-1-Intro-to-Gazebo-actions-services/maze_roboot/install/maze_interfaces/share/maze_interfaces/cmake/export_maze_interfaces__rosidl_generator_pyExport.cmake
[1.358s] -- Up-to-date: /home/julian/Task-1-Intro-to-Gazebo-actions-services/maze_roboot/install/maze_interfaces/share/maze_interfaces/cmake/export_maze_interfaces__rosidl_generator_pyExport-noconfig.cmake
[1.359s] -- Up-to-date: /home/julian/Task-1-Intro-to-Gazebo-actions-services/maze_roboot/install/maze_interfaces/share/maze_interfaces/cmake/rosidl_cmake-extras.cmake
[1.359s] -- Up-to-date: /home/julian/Task-1-Intro-to-Gazebo-actions-services/maze_roboot/install/maze_interfaces/share/maze_interfaces/cmake/ament_cmake_export_dependencies-extras.cmake
[1.360s] -- Up-to-date: /home/julian/Task-1-Intro-to-Gazebo-actions-services/maze_roboot/install/maze_interfaces/share/maze_interfaces/cmake/ament_cmake_export_include_directories-extras.cmake
[1.360s] -- Up-to-date: /home/julian/Task-1-Intro-to-Gazebo-actions-services/maze_roboot/install/maze_interfaces/share/maze_interfaces/cmake/ament_cmake_export_libraries-extras.cmake
[1.361s] -- Up-to-date: /home/julian/Task-1-Intro-to-Gazebo-actions-services/maze_roboot/install/maze_interfaces/share/maze_interfaces/cmake/ament_cmake_export_targets-extras.cmake
[1.362s] -- Up-to-date: /home/julian/Task-1-Intro-to-Gazebo-actions-services/maze_roboot/install/maze_interfaces/share/maze_interfaces/cmake/rosidl_cmake_export_typesupport_targets-extras.cmake
[1.362s] -- Up-to-date: /home/julian/Task-1-Intro-to-Gazebo-actions-services/maze_roboot/install/maze_interfaces/share/maze_interfaces/cmake/rosidl_cmake_export_typesupport_libraries-extras.cmake
[1.363s] -- Up-to-date: /home/julian/Task-1-Intro-to-Gazebo-actions-services/maze_roboot/install/maze_interfaces/share/maze_interfaces/cmake/rosidl_cmake_aggregate_target-extras.cmake
[1.363s] -- Up-to-date: /home/julian/Task-1-Intro-to-Gazebo-actions-services/maze_roboot/install/maze_interfaces/share/maze_interfaces/cmake/maze_interfacesConfig.cmake
[1.364s] -- Up-to-date: /home/julian/Task-1-Intro-to-Gazebo-actions-services/maze_roboot/install/maze_interfaces/share/maze_interfaces/cmake/maze_interfacesConfig-version.cmake
[1.364s] -- Up-to-date: /home/julian/Task-1-Intro-to-Gazebo-actions-services/maze_roboot/install/maze_interfaces/share/maze_interfaces/package.xml
[1.365s] Invoked command in '/home/julian/Task-1-Intro-to-Gazebo-actions-services/maze_roboot/build/maze_interfaces' returned '0': CMAKE_PREFIX_PATH=${CMAKE_PREFIX_PATH}:/home/julian/Task-1-Intro-to-Gazebo-actions-services/maze_roboot/install/robot_maze:/home/julian/training_ws/install/maze_control:/opt/ros/jazzy DEBUGINFOD_URLS=https://debuginfod.ubuntu.com /usr/bin/cmake --install /home/julian/Task-1-Intro-to-Gazebo-actions-services/maze_roboot/build/maze_interfaces
