[  2%] Built target maze_interfaces__rs
[  4%] Built target maze_interfaces__rosidl_generator_type_description
[  4%] Built target ament_cmake_python_copy_maze_interfaces
[  6%] Built target maze_interfaces__cpp
[ 24%] Built target maze_interfaces__rosidl_generator_c
[ 33%] Built target maze_interfaces__rosidl_typesupport_c
[ 42%] Built target maze_interfaces__rosidl_typesupport_introspection_c
[ 51%] Built target maze_interfaces__rosidl_typesupport_fastrtps_cpp
[ 60%] Built target maze_interfaces__rosidl_typesupport_introspection_cpp
[ 68%] Built target maze_interfaces__rosidl_typesupport_fastrtps_c
[ 77%] Built target maze_interfaces__rosidl_typesupport_cpp
[ 77%] Built target maze_interfaces
[ 80%] Built target maze_interfaces__py
[ 86%] Built target maze_interfaces__rosidl_generator_py
[ 91%] Built target maze_interfaces_s__rosidl_typesupport_fastrtps_c
[ 95%] Built target maze_interfaces_s__rosidl_typesupport_introspection_c
[100%] Built target maze_interfaces_s__rosidl_typesupport_c
running egg_info
writing maze_interfaces.egg-info/PKG-INFO
writing dependency_links to maze_interfaces.egg-info/dependency_links.txt
writing top-level names to maze_interfaces.egg-info/top_level.txt
reading manifest file 'maze_interfaces.egg-info/SOURCES.txt'
writing manifest file 'maze_interfaces.egg-info/SOURCES.txt'
[100%] Built target ament_cmake_python_build_maze_interfaces_egg
-- Install configuration: ""
-- Up-to-date: /home/julian/Task-1-Intro-to-Gazebo-actions-services/maze_roboot/install/maze_interfaces/share/ament_index/resource_index/rosidl_interfaces/maze_interfaces
-- Up-to-date: /home/julian/Task-1-Intro-to-Gazebo-actions-services/maze_roboot/install/maze_interfaces/share/maze_interfaces/action/MovementX.json
-- Up-to-date: /home/julian/Task-1-Intro-to-Gazebo-actions-services/maze_roboot/install/maze_interfaces/share/maze_interfaces/action/MovementYaw.json
-- Up-to-date: /home/julian/Task-1-Intro-to-Gazebo-actions-services/maze_roboot/install/maze_interfaces/include/maze_interfaces/maze_interfaces
-- Up-to-date: /home/julian/Task-1-Intro-to-Gazebo-actions-services/maze_roboot/install/maze_interfaces/include/maze_interfaces/maze_interfaces/action
-- Up-to-date: /home/julian/Task-1-Intro-to-Gazebo-actions-services/maze_roboot/install/maze_interfaces/include/maze_interfaces/maze_interfaces/action/movement_yaw.h
-- Up-to-date: /home/julian/Task-1-Intro-to-Gazebo-actions-services/maze_roboot/install/maze_interfaces/include/maze_interfaces/maze_interfaces/action/detail
-- Up-to-date: /home/julian/Task-1-Intro-to-Gazebo-actions-services/maze_roboot/install/maze_interfaces/include/maze_interfaces/maze_interfaces/action/detail/movement_yaw__functions.c
-- Up-to-date: /home/julian/Task-1-Intro-to-Gazebo-actions-services/maze_roboot/install/maze_interfaces/include/maze_interfaces/maze_interfaces/action/detail/movement_yaw__description.c
-- Installing: /home/julian/Task-1-Intro-to-Gazebo-actions-services/maze_roboot/install/maze_interfaces/include/maze_interfaces/maze_interfaces/action/detail/movement_x__type_support.c
-- Up-to-date: /home/julian/Task-1-Intro-to-Gazebo-actions-services/maze_roboot/install/maze_interfaces/include/maze_interfaces/maze_interfaces/action/detail/movement_yaw__functions.h
-- Up-to-date: /home/julian/Task-1-Intro-to-Gazebo-actions-services/maze_roboot/install/maze_interfaces/include/maze_interfaces/maze_interfaces/action/detail/movement_x__functions.c
-- Up-to-date: /home/julian/Task-1-Intro-to-Gazebo-actions-services/maze_roboot/install/maze_interfaces/include/maze_interfaces/maze_interfaces/action/detail/movement_x__functions.h
-- Up-to-date: /home/julian/Task-1-Intro-to-Gazebo-actions-services/maze_roboot/install/maze_interfaces/include/maze_interfaces/maze_interfaces/action/detail/movement_x__struct.h
-- Up-to-date: /home/julian/Task-1-Intro-to-Gazebo-actions-services/maze_roboot/install/maze_interfaces/include/maze_interfaces/maze_interfaces/action/detail/movement_x__description.c
-- Up-to-date: /home/julian/Task-1-Intro-to-Gazebo-actions-services/maze_roboot/install/maze_interfaces/include/maze_interfaces/maze_interfaces/action/detail/movement_yaw__struct.h
-- Installing: /home/julian/Task-1-Intro-to-Gazebo-actions-services/maze_roboot/install/maze_interfaces/include/maze_interfaces/maze_interfaces/action/detail/movement_yaw__type_support.c
-- Up-to-date: /home/julian/Task-1-Intro-to-Gazebo-actions-services/maze_roboot/install/maze_interfaces/include/maze_interfaces/maze_interfaces/action/detail/movement_yaw__type_support.h
-- Up-to-date: /home/julian/Task-1-Intro-to-Gazebo-actions-services/maze_roboot/install/maze_interfaces/include/maze_interfaces/maze_interfaces/action/detail/movement_x__type_support.h
-- Up-to-date: /home/julian/Task-1-Intro-to-Gazebo-actions-services/maze_roboot/install/maze_interfaces/include/maze_interfaces/maze_interfaces/action/movement_x.h
-- Up-to-date: /home/julian/Task-1-Intro-to-Gazebo-actions-services/maze_roboot/install/maze_interfaces/include/maze_interfaces/maze_interfaces/msg
-- Up-to-date: /home/julian/Task-1-Intro-to-Gazebo-actions-services/maze_roboot/install/maze_interfaces/include/maze_interfaces/maze_interfaces/msg/rosidl_generator_c__visibility_control.h
-- Up-to-date: /home/julian/Task-1-Intro-to-Gazebo-actions-services/maze_roboot/install/maze_interfaces/share/maze_interfaces/environment/library_path.sh
-- Up-to-date: /home/julian/Task-1-Intro-to-Gazebo-actions-services/maze_roboot/install/maze_interfaces/share/maze_interfaces/environment/library_path.dsv
-- Up-to-date: /home/julian/Task-1-Intro-to-Gazebo-actions-services/maze_roboot/install/maze_interfaces/lib/libmaze_interfaces__rosidl_generator_c.so
-- Up-to-date: /home/julian/Task-1-Intro-to-Gazebo-actions-services/maze_roboot/install/maze_interfaces/include/maze_interfaces/maze_interfaces
-- Up-to-date: /home/julian/Task-1-Intro-to-Gazebo-actions-services/maze_roboot/install/maze_interfaces/include/maze_interfaces/maze_interfaces/action
-- Up-to-date: /home/julian/Task-1-Intro-to-Gazebo-actions-services/maze_roboot/install/maze_interfaces/include/maze_interfaces/maze_interfaces/action/detail
-- Up-to-date: /home/julian/Task-1-Intro-to-Gazebo-actions-services/maze_roboot/install/maze_interfaces/include/maze_interfaces/maze_interfaces/action/detail/movement_yaw__rosidl_typesupport_fastrtps_c.h
-- Up-to-date: /home/julian/Task-1-Intro-to-Gazebo-actions-services/maze_roboot/install/maze_interfaces/include/maze_interfaces/maze_interfaces/action/detail/movement_x__rosidl_typesupport_fastrtps_c.h
-- Up-to-date: /home/julian/Task-1-Intro-to-Gazebo-actions-services/maze_roboot/install/maze_interfaces/include/maze_interfaces/maze_interfaces/msg
-- Up-to-date: /home/julian/Task-1-Intro-to-Gazebo-actions-services/maze_roboot/install/maze_interfaces/include/maze_interfaces/maze_interfaces/msg/rosidl_typesupport_fastrtps_c__visibility_control.h
-- Up-to-date: /home/julian/Task-1-Intro-to-Gazebo-actions-services/maze_roboot/install/maze_interfaces/lib/libmaze_interfaces__rosidl_typesupport_fastrtps_c.so
-- Up-to-date: /home/julian/Task-1-Intro-to-Gazebo-actions-services/maze_roboot/install/maze_interfaces/include/maze_interfaces/maze_interfaces
-- Up-to-date: /home/julian/Task-1-Intro-to-Gazebo-actions-services/maze_roboot/install/maze_interfaces/include/maze_interfaces/maze_interfaces/action
-- Up-to-date: /home/julian/Task-1-Intro-to-Gazebo-actions-services/maze_roboot/install/maze_interfaces/include/maze_interfaces/maze_interfaces/action/detail
-- Up-to-date: /home/julian/Task-1-Intro-to-Gazebo-actions-services/maze_roboot/install/maze_interfaces/include/maze_interfaces/maze_interfaces/action/detail/movement_x__rosidl_typesupport_introspection_c.h
-- Installing: /home/julian/Task-1-Intro-to-Gazebo-actions-services/maze_roboot/install/maze_interfaces/include/maze_interfaces/maze_interfaces/action/detail/movement_x__type_support.c
-- Installing: /home/julian/Task-1-Intro-to-Gazebo-actions-services/maze_roboot/install/maze_interfaces/include/maze_interfaces/maze_interfaces/action/detail/movement_yaw__type_support.c
-- Up-to-date: /home/julian/Task-1-Intro-to-Gazebo-actions-services/maze_roboot/install/maze_interfaces/include/maze_interfaces/maze_interfaces/action/detail/movement_yaw__rosidl_typesupport_introspection_c.h
-- Up-to-date: /home/julian/Task-1-Intro-to-Gazebo-actions-services/maze_roboot/install/maze_interfaces/include/maze_interfaces/maze_interfaces/msg
-- Up-to-date: /home/julian/Task-1-Intro-to-Gazebo-actions-services/maze_roboot/install/maze_interfaces/include/maze_interfaces/maze_interfaces/msg/rosidl_typesupport_introspection_c__visibility_control.h
-- Up-to-date: /home/julian/Task-1-Intro-to-Gazebo-actions-services/maze_roboot/install/maze_interfaces/lib/libmaze_interfaces__rosidl_typesupport_introspection_c.so
-- Up-to-date: /home/julian/Task-1-Intro-to-Gazebo-actions-services/maze_roboot/install/maze_interfaces/lib/libmaze_interfaces__rosidl_typesupport_c.so
-- Up-to-date: /home/julian/Task-1-Intro-to-Gazebo-actions-services/maze_roboot/install/maze_interfaces/include/maze_interfaces/maze_interfaces
-- Up-to-date: /home/julian/Task-1-Intro-to-Gazebo-actions-services/maze_roboot/install/maze_interfaces/include/maze_interfaces/maze_interfaces/action
-- Up-to-date: /home/julian/Task-1-Intro-to-Gazebo-actions-services/maze_roboot/install/maze_interfaces/include/maze_interfaces/maze_interfaces/action/movement_x.hpp
-- Up-to-date: /home/julian/Task-1-Intro-to-Gazebo-actions-services/maze_roboot/install/maze_interfaces/include/maze_interfaces/maze_interfaces/action/movement_yaw.hpp
-- Up-to-date: /home/julian/Task-1-Intro-to-Gazebo-actions-services/maze_roboot/install/maze_interfaces/include/maze_interfaces/maze_interfaces/action/detail
-- Up-to-date: /home/julian/Task-1-Intro-to-Gazebo-actions-services/maze_roboot/install/maze_interfaces/include/maze_interfaces/maze_interfaces/action/detail/movement_x__type_support.hpp
-- Up-to-date: /home/julian/Task-1-Intro-to-Gazebo-actions-services/maze_roboot/install/maze_interfaces/include/maze_interfaces/maze_interfaces/action/detail/movement_x__struct.hpp
-- Up-to-date: /home/julian/Task-1-Intro-to-Gazebo-actions-services/maze_roboot/install/maze_interfaces/include/maze_interfaces/maze_interfaces/action/detail/movement_yaw__type_support.hpp
-- Up-to-date: /home/julian/Task-1-Intro-to-Gazebo-actions-services/maze_roboot/install/maze_interfaces/include/maze_interfaces/maze_interfaces/action/detail/movement_yaw__builder.hpp
-- Up-to-date: /home/julian/Task-1-Intro-to-Gazebo-actions-services/maze_roboot/install/maze_interfaces/include/maze_interfaces/maze_interfaces/action/detail/movement_x__builder.hpp
-- Up-to-date: /home/julian/Task-1-Intro-to-Gazebo-actions-services/maze_roboot/install/maze_interfaces/include/maze_interfaces/maze_interfaces/action/detail/movement_x__traits.hpp
-- Up-to-date: /home/julian/Task-1-Intro-to-Gazebo-actions-services/maze_roboot/install/maze_interfaces/include/maze_interfaces/maze_interfaces/action/detail/movement_yaw__traits.hpp
-- Up-to-date: /home/julian/Task-1-Intro-to-Gazebo-actions-services/maze_roboot/install/maze_interfaces/include/maze_interfaces/maze_interfaces/action/detail/movement_yaw__struct.hpp
-- Up-to-date: /home/julian/Task-1-Intro-to-Gazebo-actions-services/maze_roboot/install/maze_interfaces/include/maze_interfaces/maze_interfaces/msg
-- Up-to-date: /home/julian/Task-1-Intro-to-Gazebo-actions-services/maze_roboot/install/maze_interfaces/include/maze_interfaces/maze_interfaces/msg/rosidl_generator_cpp__visibility_control.hpp
-- Up-to-date: /home/julian/Task-1-Intro-to-Gazebo-actions-services/maze_roboot/install/maze_interfaces/include/maze_interfaces/maze_interfaces
-- Up-to-date: /home/julian/Task-1-Intro-to-Gazebo-actions-services/maze_roboot/install/maze_interfaces/include/maze_interfaces/maze_interfaces/action
-- Up-to-date: /home/julian/Task-1-Intro-to-Gazebo-actions-services/maze_roboot/install/maze_interfaces/include/maze_interfaces/maze_interfaces/action/detail
-- Up-to-date: /home/julian/Task-1-Intro-to-Gazebo-actions-services/maze_roboot/install/maze_interfaces/include/maze_interfaces/maze_interfaces/action/detail/movement_x__rosidl_typesupport_fastrtps_cpp.hpp
-- Up-to-date: /home/julian/Task-1-Intro-to-Gazebo-actions-services/maze_roboot/install/maze_interfaces/include/maze_interfaces/maze_interfaces/action/detail/movement_yaw__rosidl_typesupport_fastrtps_cpp.hpp
-- Up-to-date: /home/julian/Task-1-Intro-to-Gazebo-actions-services/maze_roboot/install/maze_interfaces/include/maze_interfaces/maze_interfaces/action/detail/dds_fastrtps
-- Up-to-date: /home/julian/Task-1-Intro-to-Gazebo-actions-services/maze_roboot/install/maze_interfaces/include/maze_interfaces/maze_interfaces/msg
-- Up-to-date: /home/julian/Task-1-Intro-to-Gazebo-actions-services/maze_roboot/install/maze_interfaces/include/maze_interfaces/maze_interfaces/msg/rosidl_typesupport_fastrtps_cpp__visibility_control.h
-- Up-to-date: /home/julian/Task-1-Intro-to-Gazebo-actions-services/maze_roboot/install/maze_interfaces/lib/libmaze_interfaces__rosidl_typesupport_fastrtps_cpp.so
-- Up-to-date: /home/julian/Task-1-Intro-to-Gazebo-actions-services/maze_roboot/install/maze_interfaces/include/maze_interfaces/maze_interfaces
-- Up-to-date: /home/julian/Task-1-Intro-to-Gazebo-actions-services/maze_roboot/install/maze_interfaces/include/maze_interfaces/maze_interfaces/action
-- Up-to-date: /home/julian/Task-1-Intro-to-Gazebo-actions-services/maze_roboot/install/maze_interfaces/include/maze_interfaces/maze_interfaces/action/detail
-- Up-to-date: /home/julian/Task-1-Intro-to-Gazebo-actions-services/maze_roboot/install/maze_interfaces/include/maze_interfaces/maze_interfaces/action/detail/movement_yaw__rosidl_typesupport_introspection_cpp.hpp
-- Up-to-date: /home/julian/Task-1-Intro-to-Gazebo-actions-services/maze_roboot/install/maze_interfaces/include/maze_interfaces/maze_interfaces/action/detail/movement_x__rosidl_typesupport_introspection_cpp.hpp
-- Up-to-date: /home/julian/Task-1-Intro-to-Gazebo-actions-services/maze_roboot/install/maze_interfaces/include/maze_interfaces/maze_interfaces/action/detail/movement_x__type_support.cpp
-- Up-to-date: /home/julian/Task-1-Intro-to-Gazebo-actions-services/maze_roboot/install/maze_interfaces/include/maze_interfaces/maze_interfaces/action/detail/movement_yaw__type_support.cpp
-- Up-to-date: /home/julian/Task-1-Intro-to-Gazebo-actions-services/maze_roboot/install/maze_interfaces/lib/libmaze_interfaces__rosidl_typesupport_introspection_cpp.so
-- Up-to-date: /home/julian/Task-1-Intro-to-Gazebo-actions-services/maze_roboot/install/maze_interfaces/lib/libmaze_interfaces__rosidl_typesupport_cpp.so
-- Up-to-date: /home/julian/Task-1-Intro-to-Gazebo-actions-services/maze_roboot/install/maze_interfaces/share/maze_interfaces/environment/pythonpath.sh
-- Up-to-date: /home/julian/Task-1-Intro-to-Gazebo-actions-services/maze_roboot/install/maze_interfaces/share/maze_interfaces/environment/pythonpath.dsv
-- Up-to-date: /home/julian/Task-1-Intro-to-Gazebo-actions-services/maze_roboot/install/maze_interfaces/lib/python3.12/site-packages/maze_interfaces-0.0.0-py3.12.egg-info
-- Installing: /home/julian/Task-1-Intro-to-Gazebo-actions-services/maze_roboot/install/maze_interfaces/lib/python3.12/site-packages/maze_interfaces-0.0.0-py3.12.egg-info/PKG-INFO
-- Installing: /home/julian/Task-1-Intro-to-Gazebo-actions-services/maze_roboot/install/maze_interfaces/lib/python3.12/site-packages/maze_interfaces-0.0.0-py3.12.egg-info/dependency_links.txt
-- Installing: /home/julian/Task-1-Intro-to-Gazebo-actions-services/maze_roboot/install/maze_interfaces/lib/python3.12/site-packages/maze_interfaces-0.0.0-py3.12.egg-info/top_level.txt
-- Installing: /home/julian/Task-1-Intro-to-Gazebo-actions-services/maze_roboot/install/maze_interfaces/lib/python3.12/site-packages/maze_interfaces-0.0.0-py3.12.egg-info/SOURCES.txt
-- Up-to-date: /home/julian/Task-1-Intro-to-Gazebo-actions-services/maze_roboot/install/maze_interfaces/lib/python3.12/site-packages/maze_interfaces
-- Up-to-date: /home/julian/Task-1-Intro-to-Gazebo-actions-services/maze_roboot/install/maze_interfaces/lib/python3.12/site-packages/maze_interfaces/action
-- Up-to-date: /home/julian/Task-1-Intro-to-Gazebo-actions-services/maze_roboot/install/maze_interfaces/lib/python3.12/site-packages/maze_interfaces/action/_movement_x.py
-- Up-to-date: /home/julian/Task-1-Intro-to-Gazebo-actions-services/maze_roboot/install/maze_interfaces/lib/python3.12/site-packages/maze_interfaces/action/_movement_yaw.py
-- Up-to-date: /home/julian/Task-1-Intro-to-Gazebo-actions-services/maze_roboot/install/maze_interfaces/lib/python3.12/site-packages/maze_interfaces/action/_movement_yaw_s.c
-- Up-to-date: /home/julian/Task-1-Intro-to-Gazebo-actions-services/maze_roboot/install/maze_interfaces/lib/python3.12/site-packages/maze_interfaces/action/__init__.py
-- Up-to-date: /home/julian/Task-1-Intro-to-Gazebo-actions-services/maze_roboot/install/maze_interfaces/lib/python3.12/site-packages/maze_interfaces/action/_movement_x_s.c
-- Up-to-date: /home/julian/Task-1-Intro-to-Gazebo-actions-services/maze_roboot/install/maze_interfaces/lib/python3.12/site-packages/maze_interfaces/maze_interfaces_s__rosidl_typesupport_fastrtps_c.so
-- Up-to-date: /home/julian/Task-1-Intro-to-Gazebo-actions-services/maze_roboot/install/maze_interfaces/lib/python3.12/site-packages/maze_interfaces/maze_interfaces_s__rosidl_typesupport_introspection_c.so
-- Up-to-date: /home/julian/Task-1-Intro-to-Gazebo-actions-services/maze_roboot/install/maze_interfaces/lib/python3.12/site-packages/maze_interfaces/_maze_interfaces_s.ep.rosidl_typesupport_fastrtps_c.c
-- Up-to-date: /home/julian/Task-1-Intro-to-Gazebo-actions-services/maze_roboot/install/maze_interfaces/lib/python3.12/site-packages/maze_interfaces/__init__.py
-- Up-to-date: /home/julian/Task-1-Intro-to-Gazebo-actions-services/maze_roboot/install/maze_interfaces/lib/python3.12/site-packages/maze_interfaces/_maze_interfaces_s.ep.rosidl_typesupport_introspection_c.c
-- Up-to-date: /home/julian/Task-1-Intro-to-Gazebo-actions-services/maze_roboot/install/maze_interfaces/lib/python3.12/site-packages/maze_interfaces/maze_interfaces_s__rosidl_typesupport_c.so
-- Up-to-date: /home/julian/Task-1-Intro-to-Gazebo-actions-services/maze_roboot/install/maze_interfaces/lib/python3.12/site-packages/maze_interfaces/_maze_interfaces_s.ep.rosidl_typesupport_c.c
Listing '/home/julian/Task-1-Intro-to-Gazebo-actions-services/maze_roboot/install/maze_interfaces/lib/python3.12/site-packages/maze_interfaces'...
Listing '/home/julian/Task-1-Intro-to-Gazebo-actions-services/maze_roboot/install/maze_interfaces/lib/python3.12/site-packages/maze_interfaces/action'...
-- Up-to-date: /home/julian/Task-1-Intro-to-Gazebo-actions-services/maze_roboot/install/maze_interfaces/lib/python3.12/site-packages/maze_interfaces/maze_interfaces_s__rosidl_typesupport_fastrtps_c.so
-- Up-to-date: /home/julian/Task-1-Intro-to-Gazebo-actions-services/maze_roboot/install/maze_interfaces/lib/python3.12/site-packages/maze_interfaces/maze_interfaces_s__rosidl_typesupport_introspection_c.so
-- Up-to-date: /home/julian/Task-1-Intro-to-Gazebo-actions-services/maze_roboot/install/maze_interfaces/lib/python3.12/site-packages/maze_interfaces/maze_interfaces_s__rosidl_typesupport_c.so
-- Up-to-date: /home/julian/Task-1-Intro-to-Gazebo-actions-services/maze_roboot/install/maze_interfaces/lib/libmaze_interfaces__rosidl_generator_py.so
-- Up-to-date: /home/julian/Task-1-Intro-to-Gazebo-actions-services/maze_roboot/install/maze_interfaces/share/ament_index/resource_index/rust_packages/maze_interfaces
-- Up-to-date: /home/julian/Task-1-Intro-to-Gazebo-actions-services/maze_roboot/install/maze_interfaces/share/maze_interfaces/rust
-- Up-to-date: /home/julian/Task-1-Intro-to-Gazebo-actions-services/maze_roboot/install/maze_interfaces/share/maze_interfaces/rust/build.rs
-- Up-to-date: /home/julian/Task-1-Intro-to-Gazebo-actions-services/maze_roboot/install/maze_interfaces/share/maze_interfaces/rust/src
-- Up-to-date: /home/julian/Task-1-Intro-to-Gazebo-actions-services/maze_roboot/install/maze_interfaces/share/maze_interfaces/rust/src/action
-- Up-to-date: /home/julian/Task-1-Intro-to-Gazebo-actions-services/maze_roboot/install/maze_interfaces/share/maze_interfaces/rust/src/action/rmw.rs
-- Up-to-date: /home/julian/Task-1-Intro-to-Gazebo-actions-services/maze_roboot/install/maze_interfaces/share/maze_interfaces/rust/src/action.rs
-- Up-to-date: /home/julian/Task-1-Intro-to-Gazebo-actions-services/maze_roboot/install/maze_interfaces/share/maze_interfaces/rust/src/lib.rs
-- Up-to-date: /home/julian/Task-1-Intro-to-Gazebo-actions-services/maze_roboot/install/maze_interfaces/share/maze_interfaces/rust/Cargo.toml
-- Up-to-date: /home/julian/Task-1-Intro-to-Gazebo-actions-services/maze_roboot/install/maze_interfaces/share/maze_interfaces/action/MovementX.idl
-- Up-to-date: /home/julian/Task-1-Intro-to-Gazebo-actions-services/maze_roboot/install/maze_interfaces/share/maze_interfaces/action/MovementYaw.idl
-- Up-to-date: /home/julian/Task-1-Intro-to-Gazebo-actions-services/maze_roboot/install/maze_interfaces/share/maze_interfaces/action/MovementX.action
-- Up-to-date: /home/julian/Task-1-Intro-to-Gazebo-actions-services/maze_roboot/install/maze_interfaces/share/maze_interfaces/action/MovementYaw.action
-- Up-to-date: /home/julian/Task-1-Intro-to-Gazebo-actions-services/maze_roboot/install/maze_interfaces/share/ament_index/resource_index/package_run_dependencies/maze_interfaces
-- Up-to-date: /home/julian/Task-1-Intro-to-Gazebo-actions-services/maze_roboot/install/maze_interfaces/share/ament_index/resource_index/parent_prefix_path/maze_interfaces
-- Up-to-date: /home/julian/Task-1-Intro-to-Gazebo-actions-services/maze_roboot/install/maze_interfaces/share/maze_interfaces/environment/ament_prefix_path.sh
-- Up-to-date: /home/julian/Task-1-Intro-to-Gazebo-actions-services/maze_roboot/install/maze_interfaces/share/maze_interfaces/environment/ament_prefix_path.dsv
-- Up-to-date: /home/julian/Task-1-Intro-to-Gazebo-actions-services/maze_roboot/install/maze_interfaces/share/maze_interfaces/environment/path.sh
-- Up-to-date: /home/julian/Task-1-Intro-to-Gazebo-actions-services/maze_roboot/install/maze_interfaces/share/maze_interfaces/environment/path.dsv
-- Up-to-date: /home/julian/Task-1-Intro-to-Gazebo-actions-services/maze_roboot/install/maze_interfaces/share/maze_interfaces/local_setup.bash
-- Up-to-date: /home/julian/Task-1-Intro-to-Gazebo-actions-services/maze_roboot/install/maze_interfaces/share/maze_interfaces/local_setup.sh
-- Up-to-date: /home/julian/Task-1-Intro-to-Gazebo-actions-services/maze_roboot/install/maze_interfaces/share/maze_interfaces/local_setup.zsh
-- Up-to-date: /home/julian/Task-1-Intro-to-Gazebo-actions-services/maze_roboot/install/maze_interfaces/share/maze_interfaces/local_setup.dsv
-- Installing: /home/julian/Task-1-Intro-to-Gazebo-actions-services/maze_roboot/install/maze_interfaces/share/maze_interfaces/package.dsv
-- Up-to-date: /home/julian/Task-1-Intro-to-Gazebo-actions-services/maze_roboot/install/maze_interfaces/share/ament_index/resource_index/packages/maze_interfaces
-- Up-to-date: /home/julian/Task-1-Intro-to-Gazebo-actions-services/maze_roboot/install/maze_interfaces/share/maze_interfaces/cmake/export_maze_interfaces__rosidl_generator_cExport.cmake
-- Up-to-date: /home/julian/Task-1-Intro-to-Gazebo-actions-services/maze_roboot/install/maze_interfaces/share/maze_interfaces/cmake/export_maze_interfaces__rosidl_generator_cExport-noconfig.cmake
-- Up-to-date: /home/julian/Task-1-Intro-to-Gazebo-actions-services/maze_roboot/install/maze_interfaces/share/maze_interfaces/cmake/export_maze_interfaces__rosidl_typesupport_fastrtps_cExport.cmake
-- Up-to-date: /home/julian/Task-1-Intro-to-Gazebo-actions-services/maze_roboot/install/maze_interfaces/share/maze_interfaces/cmake/export_maze_interfaces__rosidl_typesupport_fastrtps_cExport-noconfig.cmake
-- Up-to-date: /home/julian/Task-1-Intro-to-Gazebo-actions-services/maze_roboot/install/maze_interfaces/share/maze_interfaces/cmake/maze_interfaces__rosidl_typesupport_introspection_cExport.cmake
-- Up-to-date: /home/julian/Task-1-Intro-to-Gazebo-actions-services/maze_roboot/install/maze_interfaces/share/maze_interfaces/cmake/maze_interfaces__rosidl_typesupport_introspection_cExport-noconfig.cmake
-- Up-to-date: /home/julian/Task-1-Intro-to-Gazebo-actions-services/maze_roboot/install/maze_interfaces/share/maze_interfaces/cmake/maze_interfaces__rosidl_typesupport_cExport.cmake
-- Up-to-date: /home/julian/Task-1-Intro-to-Gazebo-actions-services/maze_roboot/install/maze_interfaces/share/maze_interfaces/cmake/maze_interfaces__rosidl_typesupport_cExport-noconfig.cmake
-- Up-to-date: /home/julian/Task-1-Intro-to-Gazebo-actions-services/maze_roboot/install/maze_interfaces/share/maze_interfaces/cmake/export_maze_interfaces__rosidl_generator_cppExport.cmake
-- Up-to-date: /home/julian/Task-1-Intro-to-Gazebo-actions-services/maze_roboot/install/maze_interfaces/share/maze_interfaces/cmake/export_maze_interfaces__rosidl_typesupport_fastrtps_cppExport.cmake
-- Up-to-date: /home/julian/Task-1-Intro-to-Gazebo-actions-services/maze_roboot/install/maze_interfaces/share/maze_interfaces/cmake/export_maze_interfaces__rosidl_typesupport_fastrtps_cppExport-noconfig.cmake
-- Up-to-date: /home/julian/Task-1-Intro-to-Gazebo-actions-services/maze_roboot/install/maze_interfaces/share/maze_interfaces/cmake/maze_interfaces__rosidl_typesupport_introspection_cppExport.cmake
-- Up-to-date: /home/julian/Task-1-Intro-to-Gazebo-actions-services/maze_roboot/install/maze_interfaces/share/maze_interfaces/cmake/maze_interfaces__rosidl_typesupport_introspection_cppExport-noconfig.cmake
-- Up-to-date: /home/julian/Task-1-Intro-to-Gazebo-actions-services/maze_roboot/install/maze_interfaces/share/maze_interfaces/cmake/maze_interfaces__rosidl_typesupport_cppExport.cmake
-- Up-to-date: /home/julian/Task-1-Intro-to-Gazebo-actions-services/maze_roboot/install/maze_interfaces/share/maze_interfaces/cmake/maze_interfaces__rosidl_typesupport_cppExport-noconfig.cmake
-- Up-to-date: /home/julian/Task-1-Intro-to-Gazebo-actions-services/maze_roboot/install/maze_interfaces/share/maze_interfaces/cmake/export_maze_interfaces__rosidl_generator_pyExport.cmake
-- Up-to-date: /home/julian/Task-1-Intro-to-Gazebo-actions-services/maze_roboot/install/maze_interfaces/share/maze_interfaces/cmake/export_maze_interfaces__rosidl_generator_pyExport-noconfig.cmake
-- Up-to-date: /home/julian/Task-1-Intro-to-Gazebo-actions-services/maze_roboot/install/maze_interfaces/share/maze_interfaces/cmake/rosidl_cmake-extras.cmake
-- Up-to-date: /home/julian/Task-1-Intro-to-Gazebo-actions-services/maze_roboot/install/maze_interfaces/share/maze_interfaces/cmake/ament_cmake_export_dependencies-extras.cmake
-- Up-to-date: /home/julian/Task-1-Intro-to-Gazebo-actions-services/maze_roboot/install/maze_interfaces/share/maze_interfaces/cmake/ament_cmake_export_include_directories-extras.cmake
-- Up-to-date: /home/julian/Task-1-Intro-to-Gazebo-actions-services/maze_roboot/install/maze_interfaces/share/maze_interfaces/cmake/ament_cmake_export_libraries-extras.cmake
-- Up-to-date: /home/julian/Task-1-Intro-to-Gazebo-actions-services/maze_roboot/install/maze_interfaces/share/maze_interfaces/cmake/ament_cmake_export_targets-extras.cmake
-- Up-to-date: /home/julian/Task-1-Intro-to-Gazebo-actions-services/maze_roboot/install/maze_interfaces/share/maze_interfaces/cmake/rosidl_cmake_export_typesupport_targets-extras.cmake
-- Up-to-date: /home/julian/Task-1-Intro-to-Gazebo-actions-services/maze_roboot/install/maze_interfaces/share/maze_interfaces/cmake/rosidl_cmake_export_typesupport_libraries-extras.cmake
-- Up-to-date: /home/julian/Task-1-Intro-to-Gazebo-actions-services/maze_roboot/install/maze_interfaces/share/maze_interfaces/cmake/rosidl_cmake_aggregate_target-extras.cmake
-- Up-to-date: /home/julian/Task-1-Intro-to-Gazebo-actions-services/maze_roboot/install/maze_interfaces/share/maze_interfaces/cmake/maze_interfacesConfig.cmake
-- Up-to-date: /home/julian/Task-1-Intro-to-Gazebo-actions-services/maze_roboot/install/maze_interfaces/share/maze_interfaces/cmake/maze_interfacesConfig-version.cmake
-- Up-to-date: /home/julian/Task-1-Intro-to-Gazebo-actions-services/maze_roboot/install/maze_interfaces/share/maze_interfaces/package.xml
