[0.025s] Invoking command in '/home/julian/Task-1-Intro-to-Gazebo-actions-services/maze_roboot/build/maze_interfaces': CMAKE_PREFIX_PATH=${CMAKE_PREFIX_PATH}:/home/julian/training_ws/install/maze_control:/opt/ros/jazzy DEBUGINFOD_URLS=https://debuginfod.ubuntu.com /usr/bin/cmake --build /home/julian/Task-1-Intro-to-Gazebo-actions-services/maze_roboot/build/maze_interfaces -- -j8 -l8
[0.146s] [  2%] Built target maze_interfaces__rs
[0.148s] [  4%] Built target maze_interfaces__rosidl_generator_type_description
[0.170s] [  4%] Built target ament_cmake_python_copy_maze_interfaces
[0.201s] [  6%] Built target maze_interfaces__cpp
[0.203s] [ 24%] Built target maze_interfaces__rosidl_generator_c
[0.275s] [ 33%] Built target maze_interfaces__rosidl_typesupport_c
[0.276s] [ 42%] Built target maze_interfaces__rosidl_typesupport_introspection_c
[0.292s] [ 51%] Built target maze_interfaces__rosidl_typesupport_fastrtps_cpp
[0.295s] [ 60%] Built target maze_interfaces__rosidl_typesupport_introspection_cpp
[0.295s] [ 68%] Built target maze_interfaces__rosidl_typesupport_fastrtps_c
[0.301s] [ 77%] Built target maze_interfaces__rosidl_typesupport_cpp
[0.345s] [ 77%] Built target maze_interfaces
[0.391s] [ 80%] Built target maze_interfaces__py
[0.447s] [ 86%] Built target maze_interfaces__rosidl_generator_py
[0.500s] [ 91%] Built target maze_interfaces_s__rosidl_typesupport_fastrtps_c
[0.501s] [ 95%] Built target maze_interfaces_s__rosidl_typesupport_introspection_c
[0.502s] [100%] Built target maze_interfaces_s__rosidl_typesupport_c
[0.782s] running egg_info
[0.849s] writing maze_interfaces.egg-info/PKG-INFO
[0.850s] writing dependency_links to maze_interfaces.egg-info/dependency_links.txt
[0.850s] writing top-level names to maze_interfaces.egg-info/top_level.txt
[1.012s] reading manifest file 'maze_interfaces.egg-info/SOURCES.txt'
[1.014s] writing manifest file 'maze_interfaces.egg-info/SOURCES.txt'
[1.085s] [100%] Built target ament_cmake_python_build_maze_interfaces_egg
[1.110s] Invoked command in '/home/julian/Task-1-Intro-to-Gazebo-actions-services/maze_roboot/build/maze_interfaces' returned '0': CMAKE_PREFIX_PATH=${CMAKE_PREFIX_PATH}:/home/julian/training_ws/install/maze_control:/opt/ros/jazzy DEBUGINFOD_URLS=https://debuginfod.ubuntu.com /usr/bin/cmake --build /home/julian/Task-1-Intro-to-Gazebo-actions-services/maze_roboot/build/maze_interfaces -- -j8 -l8
[1.131s] Invoking command in '/home/julian/Task-1-Intro-to-Gazebo-actions-services/maze_roboot/build/maze_interfaces': CMAKE_PREFIX_PATH=${CMAKE_PREFIX_PATH}:/home/julian/training_ws/install/maze_control:/opt/ros/jazzy DEBUGINFOD_URLS=https://debuginfod.ubuntu.com /usr/bin/cmake --install /home/julian/Task-1-Intro-to-Gazebo-actions-services/maze_roboot/build/maze_interfaces
[1.149s] -- Install configuration: ""
[1.150s] -- Up-to-date: /home/julian/Task-1-Intro-to-Gazebo-actions-services/maze_roboot/install/maze_interfaces/share/ament_index/resource_index/rosidl_interfaces/maze_interfaces
[1.150s] -- Up-to-date: /home/julian/Task-1-Intro-to-Gazebo-actions-services/maze_roboot/install/maze_interfaces/share/maze_interfaces/action/MovementX.json
[1.150s] -- Up-to-date: /home/julian/Task-1-Intro-to-Gazebo-actions-services/maze_roboot/install/maze_interfaces/share/maze_interfaces/action/MovementYaw.json
[1.150s] -- Up-to-date: /home/julian/Task-1-Intro-to-Gazebo-actions-services/maze_roboot/install/maze_interfaces/include/maze_interfaces/maze_interfaces
[1.151s] -- Up-to-date: /home/julian/Task-1-Intro-to-Gazebo-actions-services/maze_roboot/install/maze_interfaces/include/maze_interfaces/maze_interfaces/action
[1.152s] -- Up-to-date: /home/julian/Task-1-Intro-to-Gazebo-actions-services/maze_roboot/install/maze_interfaces/include/maze_interfaces/maze_interfaces/action/movement_yaw.h
[1.152s] -- Up-to-date: /home/julian/Task-1-Intro-to-Gazebo-actions-services/maze_roboot/install/maze_interfaces/include/maze_interfaces/maze_interfaces/action/detail
[1.152s] -- Up-to-date: /home/julian/Task-1-Intro-to-Gazebo-actions-services/maze_roboot/install/maze_interfaces/include/maze_interfaces/maze_interfaces/action/detail/movement_yaw__functions.c
[1.153s] -- Up-to-date: /home/julian/Task-1-Intro-to-Gazebo-actions-services/maze_roboot/install/maze_interfaces/include/maze_interfaces/maze_interfaces/action/detail/movement_yaw__description.c
[1.153s] -- Installing: /home/julian/Task-1-Intro-to-Gazebo-actions-services/maze_roboot/install/maze_interfaces/include/maze_interfaces/maze_interfaces/action/detail/movement_x__type_support.c
[1.154s] -- Up-to-date: /home/julian/Task-1-Intro-to-Gazebo-actions-services/maze_roboot/install/maze_interfaces/include/maze_interfaces/maze_interfaces/action/detail/movement_yaw__functions.h
[1.154s] -- Up-to-date: /home/julian/Task-1-Intro-to-Gazebo-actions-services/maze_roboot/install/maze_interfaces/include/maze_interfaces/maze_interfaces/action/detail/movement_x__functions.c
[1.154s] -- Up-to-date: /home/julian/Task-1-Intro-to-Gazebo-actions-services/maze_roboot/install/maze_interfaces/include/maze_interfaces/maze_interfaces/action/detail/movement_x__functions.h
[1.155s] -- Up-to-date: /home/julian/Task-1-Intro-to-Gazebo-actions-services/maze_roboot/install/maze_interfaces/include/maze_interfaces/maze_interfaces/action/detail/movement_x__struct.h
[1.155s] -- Up-to-date: /home/julian/Task-1-Intro-to-Gazebo-actions-services/maze_roboot/install/maze_interfaces/include/maze_interfaces/maze_interfaces/action/detail/movement_x__description.c
[1.156s] -- Up-to-date: /home/julian/Task-1-Intro-to-Gazebo-actions-services/maze_roboot/install/maze_interfaces/include/maze_interfaces/maze_interfaces/action/detail/movement_yaw__struct.h
[1.156s] -- Installing: /home/julian/Task-1-Intro-to-Gazebo-actions-services/maze_roboot/install/maze_interfaces/include/maze_interfaces/maze_interfaces/action/detail/movement_yaw__type_support.c
[1.157s] -- Up-to-date: /home/julian/Task-1-Intro-to-Gazebo-actions-services/maze_roboot/install/maze_interfaces/include/maze_interfaces/maze_interfaces/action/detail/movement_yaw__type_support.h
[1.157s] -- Up-to-date: /home/julian/Task-1-Intro-to-Gazebo-actions-services/maze_roboot/install/maze_interfaces/include/maze_interfaces/maze_interfaces/action/detail/movement_x__type_support.h
[1.157s] -- Up-to-date: /home/julian/Task-1-Intro-to-Gazebo-actions-services/maze_roboot/install/maze_interfaces/include/maze_interfaces/maze_interfaces/action/movement_x.h
[1.158s] -- Up-to-date: /home/julian/Task-1-Intro-to-Gazebo-actions-services/maze_roboot/install/maze_interfaces/include/maze_interfaces/maze_interfaces/msg
[1.158s] -- Up-to-date: /home/julian/Task-1-Intro-to-Gazebo-actions-services/maze_roboot/install/maze_interfaces/include/maze_interfaces/maze_interfaces/msg/rosidl_generator_c__visibility_control.h
[1.159s] -- Up-to-date: /home/julian/Task-1-Intro-to-Gazebo-actions-services/maze_roboot/install/maze_interfaces/share/maze_interfaces/environment/library_path.sh
[1.159s] -- Up-to-date: /home/julian/Task-1-Intro-to-Gazebo-actions-services/maze_roboot/install/maze_interfaces/share/maze_interfaces/environment/library_path.dsv
[1.160s] -- Up-to-date: /home/julian/Task-1-Intro-to-Gazebo-actions-services/maze_roboot/install/maze_interfaces/lib/libmaze_interfaces__rosidl_generator_c.so
[1.160s] -- Up-to-date: /home/julian/Task-1-Intro-to-Gazebo-actions-services/maze_roboot/install/maze_interfaces/include/maze_interfaces/maze_interfaces
[1.161s] -- Up-to-date: /home/julian/Task-1-Intro-to-Gazebo-actions-services/maze_roboot/install/maze_interfaces/include/maze_interfaces/maze_interfaces/action
[1.161s] -- Up-to-date: /home/julian/Task-1-Intro-to-Gazebo-actions-services/maze_roboot/install/maze_interfaces/include/maze_interfaces/maze_interfaces/action/detail
[1.162s] -- Up-to-date: /home/julian/Task-1-Intro-to-Gazebo-actions-services/maze_roboot/install/maze_interfaces/include/maze_interfaces/maze_interfaces/action/detail/movement_yaw__rosidl_typesupport_fastrtps_c.h
[1.162s] -- Up-to-date: /home/julian/Task-1-Intro-to-Gazebo-actions-services/maze_roboot/install/maze_interfaces/include/maze_interfaces/maze_interfaces/action/detail/movement_x__rosidl_typesupport_fastrtps_c.h
[1.163s] -- Up-to-date: /home/julian/Task-1-Intro-to-Gazebo-actions-services/maze_roboot/install/maze_interfaces/include/maze_interfaces/maze_interfaces/msg
[1.163s] -- Up-to-date: /home/julian/Task-1-Intro-to-Gazebo-actions-services/maze_roboot/install/maze_interfaces/include/maze_interfaces/maze_interfaces/msg/rosidl_typesupport_fastrtps_c__visibility_control.h
[1.163s] -- Up-to-date: /home/julian/Task-1-Intro-to-Gazebo-actions-services/maze_roboot/install/maze_interfaces/lib/libmaze_interfaces__rosidl_typesupport_fastrtps_c.so
[1.164s] -- Up-to-date: /home/julian/Task-1-Intro-to-Gazebo-actions-services/maze_roboot/install/maze_interfaces/include/maze_interfaces/maze_interfaces
[1.164s] -- Up-to-date: /home/julian/Task-1-Intro-to-Gazebo-actions-services/maze_roboot/install/maze_interfaces/include/maze_interfaces/maze_interfaces/action
[1.165s] -- Up-to-date: /home/julian/Task-1-Intro-to-Gazebo-actions-services/maze_roboot/install/maze_interfaces/include/maze_interfaces/maze_interfaces/action/detail
[1.165s] -- Up-to-date: /home/julian/Task-1-Intro-to-Gazebo-actions-services/maze_roboot/install/maze_interfaces/include/maze_interfaces/maze_interfaces/action/detail/movement_x__rosidl_typesupport_introspection_c.h
[1.165s] -- Installing: /home/julian/Task-1-Intro-to-Gazebo-actions-services/maze_roboot/install/maze_interfaces/include/maze_interfaces/maze_interfaces/action/detail/movement_x__type_support.c
[1.166s] -- Installing: /home/julian/Task-1-Intro-to-Gazebo-actions-services/maze_roboot/install/maze_interfaces/include/maze_interfaces/maze_interfaces/action/detail/movement_yaw__type_support.c
[1.166s] -- Up-to-date: /home/julian/Task-1-Intro-to-Gazebo-actions-services/maze_roboot/install/maze_interfaces/include/maze_interfaces/maze_interfaces/action/detail/movement_yaw__rosidl_typesupport_introspection_c.h
[1.166s] -- Up-to-date: /home/julian/Task-1-Intro-to-Gazebo-actions-services/maze_roboot/install/maze_interfaces/include/maze_interfaces/maze_interfaces/msg
[1.166s] -- Up-to-date: /home/julian/Task-1-Intro-to-Gazebo-actions-services/maze_roboot/install/maze_interfaces/include/maze_interfaces/maze_interfaces/msg/rosidl_typesupport_introspection_c__visibility_control.h
[1.166s] -- Up-to-date: /home/julian/Task-1-Intro-to-Gazebo-actions-services/maze_roboot/install/maze_interfaces/lib/libmaze_interfaces__rosidl_typesupport_introspection_c.so
[1.167s] -- Up-to-date: /home/julian/Task-1-Intro-to-Gazebo-actions-services/maze_roboot/install/maze_interfaces/lib/libmaze_interfaces__rosidl_typesupport_c.so
[1.167s] -- Up-to-date: /home/julian/Task-1-Intro-to-Gazebo-actions-services/maze_roboot/install/maze_interfaces/include/maze_interfaces/maze_interfaces
[1.167s] -- Up-to-date: /home/julian/Task-1-Intro-to-Gazebo-actions-services/maze_roboot/install/maze_interfaces/include/maze_interfaces/maze_interfaces/action
[1.167s] -- Up-to-date: /home/julian/Task-1-Intro-to-Gazebo-actions-services/maze_roboot/install/maze_interfaces/include/maze_interfaces/maze_interfaces/action/movement_x.hpp
[1.168s] -- Up-to-date: /home/julian/Task-1-Intro-to-Gazebo-actions-services/maze_roboot/install/maze_interfaces/include/maze_interfaces/maze_interfaces/action/movement_yaw.hpp
[1.168s] -- Up-to-date: /home/julian/Task-1-Intro-to-Gazebo-actions-services/maze_roboot/install/maze_interfaces/include/maze_interfaces/maze_interfaces/action/detail
[1.168s] -- Up-to-date: /home/julian/Task-1-Intro-to-Gazebo-actions-services/maze_roboot/install/maze_interfaces/include/maze_interfaces/maze_interfaces/action/detail/movement_x__type_support.hpp
[1.168s] -- Up-to-date: /home/julian/Task-1-Intro-to-Gazebo-actions-services/maze_roboot/install/maze_interfaces/include/maze_interfaces/maze_interfaces/action/detail/movement_x__struct.hpp
[1.168s] -- Up-to-date: /home/julian/Task-1-Intro-to-Gazebo-actions-services/maze_roboot/install/maze_interfaces/include/maze_interfaces/maze_interfaces/action/detail/movement_yaw__type_support.hpp
[1.168s] -- Up-to-date: /home/julian/Task-1-Intro-to-Gazebo-actions-services/maze_roboot/install/maze_interfaces/include/maze_interfaces/maze_interfaces/action/detail/movement_yaw__builder.hpp
[1.169s] -- Up-to-date: /home/julian/Task-1-Intro-to-Gazebo-actions-services/maze_roboot/install/maze_interfaces/include/maze_interfaces/maze_interfaces/action/detail/movement_x__builder.hpp
[1.169s] -- Up-to-date: /home/julian/Task-1-Intro-to-Gazebo-actions-services/maze_roboot/install/maze_interfaces/include/maze_interfaces/maze_interfaces/action/detail/movement_x__traits.hpp
[1.169s] -- Up-to-date: /home/julian/Task-1-Intro-to-Gazebo-actions-services/maze_roboot/install/maze_interfaces/include/maze_interfaces/maze_interfaces/action/detail/movement_yaw__traits.hpp
[1.169s] -- Up-to-date: /home/julian/Task-1-Intro-to-Gazebo-actions-services/maze_roboot/install/maze_interfaces/include/maze_interfaces/maze_interfaces/action/detail/movement_yaw__struct.hpp
[1.169s] -- Up-to-date: /home/julian/Task-1-Intro-to-Gazebo-actions-services/maze_roboot/install/maze_interfaces/include/maze_interfaces/maze_interfaces/msg
[1.169s] -- Up-to-date: /home/julian/Task-1-Intro-to-Gazebo-actions-services/maze_roboot/install/maze_interfaces/include/maze_interfaces/maze_interfaces/msg/rosidl_generator_cpp__visibility_control.hpp
[1.169s] -- Up-to-date: /home/julian/Task-1-Intro-to-Gazebo-actions-services/maze_roboot/install/maze_interfaces/include/maze_interfaces/maze_interfaces
[1.170s] -- Up-to-date: /home/julian/Task-1-Intro-to-Gazebo-actions-services/maze_roboot/install/maze_interfaces/include/maze_interfaces/maze_interfaces/action
[1.170s] -- Up-to-date: /home/julian/Task-1-Intro-to-Gazebo-actions-services/maze_roboot/install/maze_interfaces/include/maze_interfaces/maze_interfaces/action/detail
[1.170s] -- Up-to-date: /home/julian/Task-1-Intro-to-Gazebo-actions-services/maze_roboot/install/maze_interfaces/include/maze_interfaces/maze_interfaces/action/detail/movement_x__rosidl_typesupport_fastrtps_cpp.hpp
[1.170s] -- Up-to-date: /home/julian/Task-1-Intro-to-Gazebo-actions-services/maze_roboot/install/maze_interfaces/include/maze_interfaces/maze_interfaces/action/detail/movement_yaw__rosidl_typesupport_fastrtps_cpp.hpp
[1.170s] -- Up-to-date: /home/julian/Task-1-Intro-to-Gazebo-actions-services/maze_roboot/install/maze_interfaces/include/maze_interfaces/maze_interfaces/action/detail/dds_fastrtps
[1.170s] -- Up-to-date: /home/julian/Task-1-Intro-to-Gazebo-actions-services/maze_roboot/install/maze_interfaces/include/maze_interfaces/maze_interfaces/msg
[1.171s] -- Up-to-date: /home/julian/Task-1-Intro-to-Gazebo-actions-services/maze_roboot/install/maze_interfaces/include/maze_interfaces/maze_interfaces/msg/rosidl_typesupport_fastrtps_cpp__visibility_control.h
[1.171s] -- Up-to-date: /home/julian/Task-1-Intro-to-Gazebo-actions-services/maze_roboot/install/maze_interfaces/lib/libmaze_interfaces__rosidl_typesupport_fastrtps_cpp.so
[1.171s] -- Up-to-date: /home/julian/Task-1-Intro-to-Gazebo-actions-services/maze_roboot/install/maze_interfaces/include/maze_interfaces/maze_interfaces
[1.171s] -- Up-to-date: /home/julian/Task-1-Intro-to-Gazebo-actions-services/maze_roboot/install/maze_interfaces/include/maze_interfaces/maze_interfaces/action
[1.171s] -- Up-to-date: /home/julian/Task-1-Intro-to-Gazebo-actions-services/maze_roboot/install/maze_interfaces/include/maze_interfaces/maze_interfaces/action/detail
[1.171s] -- Up-to-date: /home/julian/Task-1-Intro-to-Gazebo-actions-services/maze_roboot/install/maze_interfaces/include/maze_interfaces/maze_interfaces/action/detail/movement_yaw__rosidl_typesupport_introspection_cpp.hpp
[1.171s] -- Up-to-date: /home/julian/Task-1-Intro-to-Gazebo-actions-services/maze_roboot/install/maze_interfaces/include/maze_interfaces/maze_interfaces/action/detail/movement_x__rosidl_typesupport_introspection_cpp.hpp
[1.172s] -- Up-to-date: /home/julian/Task-1-Intro-to-Gazebo-actions-services/maze_roboot/install/maze_interfaces/include/maze_interfaces/maze_interfaces/action/detail/movement_x__type_support.cpp
[1.172s] -- Up-to-date: /home/julian/Task-1-Intro-to-Gazebo-actions-services/maze_roboot/install/maze_interfaces/include/maze_interfaces/maze_interfaces/action/detail/movement_yaw__type_support.cpp
[1.172s] -- Up-to-date: /home/julian/Task-1-Intro-to-Gazebo-actions-services/maze_roboot/install/maze_interfaces/lib/libmaze_interfaces__rosidl_typesupport_introspection_cpp.so
[1.172s] -- Up-to-date: /home/julian/Task-1-Intro-to-Gazebo-actions-services/maze_roboot/install/maze_interfaces/lib/libmaze_interfaces__rosidl_typesupport_cpp.so
[1.172s] -- Up-to-date: /home/julian/Task-1-Intro-to-Gazebo-actions-services/maze_roboot/install/maze_interfaces/share/maze_interfaces/environment/pythonpath.sh
[1.172s] -- Up-to-date: /home/julian/Task-1-Intro-to-Gazebo-actions-services/maze_roboot/install/maze_interfaces/share/maze_interfaces/environment/pythonpath.dsv
[1.173s] -- Up-to-date: /home/julian/Task-1-Intro-to-Gazebo-actions-services/maze_roboot/install/maze_interfaces/lib/python3.12/site-packages/maze_interfaces-0.0.0-py3.12.egg-info
[1.173s] -- Installing: /home/julian/Task-1-Intro-to-Gazebo-actions-services/maze_roboot/install/maze_interfaces/lib/python3.12/site-packages/maze_interfaces-0.0.0-py3.12.egg-info/PKG-INFO
[1.173s] -- Installing: /home/julian/Task-1-Intro-to-Gazebo-actions-services/maze_roboot/install/maze_interfaces/lib/python3.12/site-packages/maze_interfaces-0.0.0-py3.12.egg-info/dependency_links.txt
[1.173s] -- Installing: /home/julian/Task-1-Intro-to-Gazebo-actions-services/maze_roboot/install/maze_interfaces/lib/python3.12/site-packages/maze_interfaces-0.0.0-py3.12.egg-info/top_level.txt
[1.173s] -- Installing: /home/julian/Task-1-Intro-to-Gazebo-actions-services/maze_roboot/install/maze_interfaces/lib/python3.12/site-packages/maze_interfaces-0.0.0-py3.12.egg-info/SOURCES.txt
[1.173s] -- Up-to-date: /home/julian/Task-1-Intro-to-Gazebo-actions-services/maze_roboot/install/maze_interfaces/lib/python3.12/site-packages/maze_interfaces
[1.174s] -- Up-to-date: /home/julian/Task-1-Intro-to-Gazebo-actions-services/maze_roboot/install/maze_interfaces/lib/python3.12/site-packages/maze_interfaces/action
[1.174s] -- Up-to-date: /home/julian/Task-1-Intro-to-Gazebo-actions-services/maze_roboot/install/maze_interfaces/lib/python3.12/site-packages/maze_interfaces/action/_movement_x.py
[1.174s] -- Up-to-date: /home/julian/Task-1-Intro-to-Gazebo-actions-services/maze_roboot/install/maze_interfaces/lib/python3.12/site-packages/maze_interfaces/action/_movement_yaw.py
[1.174s] -- Up-to-date: /home/julian/Task-1-Intro-to-Gazebo-actions-services/maze_roboot/install/maze_interfaces/lib/python3.12/site-packages/maze_interfaces/action/_movement_yaw_s.c
[1.174s] -- Up-to-date: /home/julian/Task-1-Intro-to-Gazebo-actions-services/maze_roboot/install/maze_interfaces/lib/python3.12/site-packages/maze_interfaces/action/__init__.py
[1.174s] -- Up-to-date: /home/julian/Task-1-Intro-to-Gazebo-actions-services/maze_roboot/install/maze_interfaces/lib/python3.12/site-packages/maze_interfaces/action/_movement_x_s.c
[1.175s] -- Up-to-date: /home/julian/Task-1-Intro-to-Gazebo-actions-services/maze_roboot/install/maze_interfaces/lib/python3.12/site-packages/maze_interfaces/maze_interfaces_s__rosidl_typesupport_fastrtps_c.so
[1.175s] -- Up-to-date: /home/julian/Task-1-Intro-to-Gazebo-actions-services/maze_roboot/install/maze_interfaces/lib/python3.12/site-packages/maze_interfaces/maze_interfaces_s__rosidl_typesupport_introspection_c.so
[1.175s] -- Up-to-date: /home/julian/Task-1-Intro-to-Gazebo-actions-services/maze_roboot/install/maze_interfaces/lib/python3.12/site-packages/maze_interfaces/_maze_interfaces_s.ep.rosidl_typesupport_fastrtps_c.c
[1.175s] -- Up-to-date: /home/julian/Task-1-Intro-to-Gazebo-actions-services/maze_roboot/install/maze_interfaces/lib/python3.12/site-packages/maze_interfaces/__init__.py
[1.175s] -- Up-to-date: /home/julian/Task-1-Intro-to-Gazebo-actions-services/maze_roboot/install/maze_interfaces/lib/python3.12/site-packages/maze_interfaces/_maze_interfaces_s.ep.rosidl_typesupport_introspection_c.c
[1.175s] -- Up-to-date: /home/julian/Task-1-Intro-to-Gazebo-actions-services/maze_roboot/install/maze_interfaces/lib/python3.12/site-packages/maze_interfaces/maze_interfaces_s__rosidl_typesupport_c.so
[1.175s] -- Up-to-date: /home/julian/Task-1-Intro-to-Gazebo-actions-services/maze_roboot/install/maze_interfaces/lib/python3.12/site-packages/maze_interfaces/_maze_interfaces_s.ep.rosidl_typesupport_c.c
[1.260s] Listing '/home/julian/Task-1-Intro-to-Gazebo-actions-services/maze_roboot/install/maze_interfaces/lib/python3.12/site-packages/maze_interfaces'...
[1.260s] Listing '/home/julian/Task-1-Intro-to-Gazebo-actions-services/maze_roboot/install/maze_interfaces/lib/python3.12/site-packages/maze_interfaces/action'...
[1.272s] -- Up-to-date: /home/julian/Task-1-Intro-to-Gazebo-actions-services/maze_roboot/install/maze_interfaces/lib/python3.12/site-packages/maze_interfaces/maze_interfaces_s__rosidl_typesupport_fastrtps_c.so
[1.272s] -- Up-to-date: /home/julian/Task-1-Intro-to-Gazebo-actions-services/maze_roboot/install/maze_interfaces/lib/python3.12/site-packages/maze_interfaces/maze_interfaces_s__rosidl_typesupport_introspection_c.so
[1.273s] -- Up-to-date: /home/julian/Task-1-Intro-to-Gazebo-actions-services/maze_roboot/install/maze_interfaces/lib/python3.12/site-packages/maze_interfaces/maze_interfaces_s__rosidl_typesupport_c.so
[1.274s] -- Up-to-date: /home/julian/Task-1-Intro-to-Gazebo-actions-services/maze_roboot/install/maze_interfaces/lib/libmaze_interfaces__rosidl_generator_py.so
[1.274s] -- Up-to-date: /home/julian/Task-1-Intro-to-Gazebo-actions-services/maze_roboot/install/maze_interfaces/share/ament_index/resource_index/rust_packages/maze_interfaces
[1.275s] -- Up-to-date: /home/julian/Task-1-Intro-to-Gazebo-actions-services/maze_roboot/install/maze_interfaces/share/maze_interfaces/rust
[1.275s] -- Up-to-date: /home/julian/Task-1-Intro-to-Gazebo-actions-services/maze_roboot/install/maze_interfaces/share/maze_interfaces/rust/build.rs
[1.275s] -- Up-to-date: /home/julian/Task-1-Intro-to-Gazebo-actions-services/maze_roboot/install/maze_interfaces/share/maze_interfaces/rust/src
[1.276s] -- Up-to-date: /home/julian/Task-1-Intro-to-Gazebo-actions-services/maze_roboot/install/maze_interfaces/share/maze_interfaces/rust/src/action
[1.276s] -- Up-to-date: /home/julian/Task-1-Intro-to-Gazebo-actions-services/maze_roboot/install/maze_interfaces/share/maze_interfaces/rust/src/action/rmw.rs
[1.276s] -- Up-to-date: /home/julian/Task-1-Intro-to-Gazebo-actions-services/maze_roboot/install/maze_interfaces/share/maze_interfaces/rust/src/action.rs
[1.276s] -- Up-to-date: /home/julian/Task-1-Intro-to-Gazebo-actions-services/maze_roboot/install/maze_interfaces/share/maze_interfaces/rust/src/lib.rs
[1.276s] -- Up-to-date: /home/julian/Task-1-Intro-to-Gazebo-actions-services/maze_roboot/install/maze_interfaces/share/maze_interfaces/rust/Cargo.toml
[1.276s] -- Up-to-date: /home/julian/Task-1-Intro-to-Gazebo-actions-services/maze_roboot/install/maze_interfaces/share/maze_interfaces/action/MovementX.idl
[1.277s] -- Up-to-date: /home/julian/Task-1-Intro-to-Gazebo-actions-services/maze_roboot/install/maze_interfaces/share/maze_interfaces/action/MovementYaw.idl
[1.277s] -- Up-to-date: /home/julian/Task-1-Intro-to-Gazebo-actions-services/maze_roboot/install/maze_interfaces/share/maze_interfaces/action/MovementX.action
[1.277s] -- Up-to-date: /home/julian/Task-1-Intro-to-Gazebo-actions-services/maze_roboot/install/maze_interfaces/share/maze_interfaces/action/MovementYaw.action
[1.277s] -- Up-to-date: /home/julian/Task-1-Intro-to-Gazebo-actions-services/maze_roboot/install/maze_interfaces/share/ament_index/resource_index/package_run_dependencies/maze_interfaces
[1.278s] -- Up-to-date: /home/julian/Task-1-Intro-to-Gazebo-actions-services/maze_roboot/install/maze_interfaces/share/ament_index/resource_index/parent_prefix_path/maze_interfaces
[1.278s] -- Up-to-date: /home/julian/Task-1-Intro-to-Gazebo-actions-services/maze_roboot/install/maze_interfaces/share/maze_interfaces/environment/ament_prefix_path.sh
[1.278s] -- Up-to-date: /home/julian/Task-1-Intro-to-Gazebo-actions-services/maze_roboot/install/maze_interfaces/share/maze_interfaces/environment/ament_prefix_path.dsv
[1.278s] -- Up-to-date: /home/julian/Task-1-Intro-to-Gazebo-actions-services/maze_roboot/install/maze_interfaces/share/maze_interfaces/environment/path.sh
[1.278s] -- Up-to-date: /home/julian/Task-1-Intro-to-Gazebo-actions-services/maze_roboot/install/maze_interfaces/share/maze_interfaces/environment/path.dsv
[1.278s] -- Up-to-date: /home/julian/Task-1-Intro-to-Gazebo-actions-services/maze_roboot/install/maze_interfaces/share/maze_interfaces/local_setup.bash
[1.279s] -- Up-to-date: /home/julian/Task-1-Intro-to-Gazebo-actions-services/maze_roboot/install/maze_interfaces/share/maze_interfaces/local_setup.sh
[1.279s] -- Up-to-date: /home/julian/Task-1-Intro-to-Gazebo-actions-services/maze_roboot/install/maze_interfaces/share/maze_interfaces/local_setup.zsh
[1.279s] -- Up-to-date: /home/julian/Task-1-Intro-to-Gazebo-actions-services/maze_roboot/install/maze_interfaces/share/maze_interfaces/local_setup.dsv
[1.279s] -- Installing: /home/julian/Task-1-Intro-to-Gazebo-actions-services/maze_roboot/install/maze_interfaces/share/maze_interfaces/package.dsv
[1.279s] -- Up-to-date: /home/julian/Task-1-Intro-to-Gazebo-actions-services/maze_roboot/install/maze_interfaces/share/ament_index/resource_index/packages/maze_interfaces
[1.280s] -- Up-to-date: /home/julian/Task-1-Intro-to-Gazebo-actions-services/maze_roboot/install/maze_interfaces/share/maze_interfaces/cmake/export_maze_interfaces__rosidl_generator_cExport.cmake
[1.280s] -- Up-to-date: /home/julian/Task-1-Intro-to-Gazebo-actions-services/maze_roboot/install/maze_interfaces/share/maze_interfaces/cmake/export_maze_interfaces__rosidl_generator_cExport-noconfig.cmake
[1.280s] -- Up-to-date: /home/julian/Task-1-Intro-to-Gazebo-actions-services/maze_roboot/install/maze_interfaces/share/maze_interfaces/cmake/export_maze_interfaces__rosidl_typesupport_fastrtps_cExport.cmake
[1.280s] -- Up-to-date: /home/julian/Task-1-Intro-to-Gazebo-actions-services/maze_roboot/install/maze_interfaces/share/maze_interfaces/cmake/export_maze_interfaces__rosidl_typesupport_fastrtps_cExport-noconfig.cmake
[1.280s] -- Up-to-date: /home/julian/Task-1-Intro-to-Gazebo-actions-services/maze_roboot/install/maze_interfaces/share/maze_interfaces/cmake/maze_interfaces__rosidl_typesupport_introspection_cExport.cmake
[1.280s] -- Up-to-date: /home/julian/Task-1-Intro-to-Gazebo-actions-services/maze_roboot/install/maze_interfaces/share/maze_interfaces/cmake/maze_interfaces__rosidl_typesupport_introspection_cExport-noconfig.cmake
[1.281s] -- Up-to-date: /home/julian/Task-1-Intro-to-Gazebo-actions-services/maze_roboot/install/maze_interfaces/share/maze_interfaces/cmake/maze_interfaces__rosidl_typesupport_cExport.cmake
[1.281s] -- Up-to-date: /home/julian/Task-1-Intro-to-Gazebo-actions-services/maze_roboot/install/maze_interfaces/share/maze_interfaces/cmake/maze_interfaces__rosidl_typesupport_cExport-noconfig.cmake
[1.281s] -- Up-to-date: /home/julian/Task-1-Intro-to-Gazebo-actions-services/maze_roboot/install/maze_interfaces/share/maze_interfaces/cmake/export_maze_interfaces__rosidl_generator_cppExport.cmake
[1.281s] -- Up-to-date: /home/julian/Task-1-Intro-to-Gazebo-actions-services/maze_roboot/install/maze_interfaces/share/maze_interfaces/cmake/export_maze_interfaces__rosidl_typesupport_fastrtps_cppExport.cmake
[1.281s] -- Up-to-date: /home/julian/Task-1-Intro-to-Gazebo-actions-services/maze_roboot/install/maze_interfaces/share/maze_interfaces/cmake/export_maze_interfaces__rosidl_typesupport_fastrtps_cppExport-noconfig.cmake
[1.282s] -- Up-to-date: /home/julian/Task-1-Intro-to-Gazebo-actions-services/maze_roboot/install/maze_interfaces/share/maze_interfaces/cmake/maze_interfaces__rosidl_typesupport_introspection_cppExport.cmake
[1.282s] -- Up-to-date: /home/julian/Task-1-Intro-to-Gazebo-actions-services/maze_roboot/install/maze_interfaces/share/maze_interfaces/cmake/maze_interfaces__rosidl_typesupport_introspection_cppExport-noconfig.cmake
[1.282s] -- Up-to-date: /home/julian/Task-1-Intro-to-Gazebo-actions-services/maze_roboot/install/maze_interfaces/share/maze_interfaces/cmake/maze_interfaces__rosidl_typesupport_cppExport.cmake
[1.282s] -- Up-to-date: /home/julian/Task-1-Intro-to-Gazebo-actions-services/maze_roboot/install/maze_interfaces/share/maze_interfaces/cmake/maze_interfaces__rosidl_typesupport_cppExport-noconfig.cmake
[1.282s] -- Up-to-date: /home/julian/Task-1-Intro-to-Gazebo-actions-services/maze_roboot/install/maze_interfaces/share/maze_interfaces/cmake/export_maze_interfaces__rosidl_generator_pyExport.cmake
[1.283s] -- Up-to-date: /home/julian/Task-1-Intro-to-Gazebo-actions-services/maze_roboot/install/maze_interfaces/share/maze_interfaces/cmake/export_maze_interfaces__rosidl_generator_pyExport-noconfig.cmake
[1.283s] -- Up-to-date: /home/julian/Task-1-Intro-to-Gazebo-actions-services/maze_roboot/install/maze_interfaces/share/maze_interfaces/cmake/rosidl_cmake-extras.cmake
[1.283s] -- Up-to-date: /home/julian/Task-1-Intro-to-Gazebo-actions-services/maze_roboot/install/maze_interfaces/share/maze_interfaces/cmake/ament_cmake_export_dependencies-extras.cmake
[1.283s] -- Up-to-date: /home/julian/Task-1-Intro-to-Gazebo-actions-services/maze_roboot/install/maze_interfaces/share/maze_interfaces/cmake/ament_cmake_export_include_directories-extras.cmake
[1.283s] -- Up-to-date: /home/julian/Task-1-Intro-to-Gazebo-actions-services/maze_roboot/install/maze_interfaces/share/maze_interfaces/cmake/ament_cmake_export_libraries-extras.cmake
[1.283s] -- Up-to-date: /home/julian/Task-1-Intro-to-Gazebo-actions-services/maze_roboot/install/maze_interfaces/share/maze_interfaces/cmake/ament_cmake_export_targets-extras.cmake
[1.283s] -- Up-to-date: /home/julian/Task-1-Intro-to-Gazebo-actions-services/maze_roboot/install/maze_interfaces/share/maze_interfaces/cmake/rosidl_cmake_export_typesupport_targets-extras.cmake
[1.284s] -- Up-to-date: /home/julian/Task-1-Intro-to-Gazebo-actions-services/maze_roboot/install/maze_interfaces/share/maze_interfaces/cmake/rosidl_cmake_export_typesupport_libraries-extras.cmake
[1.284s] -- Up-to-date: /home/julian/Task-1-Intro-to-Gazebo-actions-services/maze_roboot/install/maze_interfaces/share/maze_interfaces/cmake/rosidl_cmake_aggregate_target-extras.cmake
[1.284s] -- Up-to-date: /home/julian/Task-1-Intro-to-Gazebo-actions-services/maze_roboot/install/maze_interfaces/share/maze_interfaces/cmake/maze_interfacesConfig.cmake
[1.284s] -- Up-to-date: /home/julian/Task-1-Intro-to-Gazebo-actions-services/maze_roboot/install/maze_interfaces/share/maze_interfaces/cmake/maze_interfacesConfig-version.cmake
[1.284s] -- Up-to-date: /home/julian/Task-1-Intro-to-Gazebo-actions-services/maze_roboot/install/maze_interfaces/share/maze_interfaces/package.xml
[1.287s] Invoked command in '/home/julian/Task-1-Intro-to-Gazebo-actions-services/maze_roboot/build/maze_interfaces' returned '0': CMAKE_PREFIX_PATH=${CMAKE_PREFIX_PATH}:/home/julian/training_ws/install/maze_control:/opt/ros/jazzy DEBUGINFOD_URLS=https://debuginfod.ubuntu.com /usr/bin/cmake --install /home/julian/Task-1-Intro-to-Gazebo-actions-services/maze_roboot/build/maze_interfaces
