[2.291s] Invoking command in '/home/julian/Task-1-Intro-to-Gazebo-actions-services/maze_roboot/src/robot_maze': AMENT_PREFIX_PATH=/home/julian/Task-1-Intro-to-Gazebo-actions-services/maze_roboot/install/maze_interfaces:${AMENT_PREFIX_PATH} CMAKE_PREFIX_PATH=/home/julian/Task-1-Intro-to-Gazebo-actions-services/maze_roboot/install/maze_interfaces:${CMAKE_PREFIX_PATH} DEBUGINFOD_URLS=https://debuginfod.ubuntu.com LD_LIBRARY_PATH=/home/julian/Task-1-Intro-to-Gazebo-actions-services/maze_roboot/install/maze_interfaces/lib:${LD_LIBRARY_PATH} PYTHONPATH=/home/julian/Task-1-Intro-to-Gazebo-actions-services/maze_roboot/build/robot_maze/prefix_override:/usr/lib/python3/dist-packages/colcon_core/task/python/colcon_distutils_commands:/home/julian/Task-1-Intro-to-Gazebo-actions-services/maze_roboot/install/robot_maze/lib/python3.12/site-packages:/home/julian/Task-1-Intro-to-Gazebo-actions-services/maze_roboot/install/maze_interfaces/lib/python3.12/site-packages:${PYTHONPATH} /usr/bin/python3 -W ignore:setup.py install is deprecated -W ignore:easy_install command is deprecated setup.py egg_info --egg-base ../../build/robot_maze build --build-base /home/julian/Task-1-Intro-to-Gazebo-actions-services/maze_roboot/build/robot_maze/build install --record /home/julian/Task-1-Intro-to-Gazebo-actions-services/maze_roboot/build/robot_maze/install.log --install-scripts $base/lib/robot_maze --single-version-externally-managed install_data
[3.180s] running egg_info
[3.239s] writing ../../build/robot_maze/robot_maze.egg-info/PKG-INFO
[3.240s] writing dependency_links to ../../build/robot_maze/robot_maze.egg-info/dependency_links.txt
[3.240s] writing entry points to ../../build/robot_maze/robot_maze.egg-info/entry_points.txt
[3.241s] writing requirements to ../../build/robot_maze/robot_maze.egg-info/requires.txt
[3.241s] writing top-level names to ../../build/robot_maze/robot_maze.egg-info/top_level.txt
[3.369s] reading manifest file '../../build/robot_maze/robot_maze.egg-info/SOURCES.txt'
[3.371s] writing manifest file '../../build/robot_maze/robot_maze.egg-info/SOURCES.txt'
[3.372s] running build
[3.372s] running build_py
[3.373s] running install
[3.390s] running install_lib
[3.460s] running install_data
[3.461s] running install_egg_info
[3.525s] removing '/home/julian/Task-1-Intro-to-Gazebo-actions-services/maze_roboot/install/robot_maze/lib/python3.12/site-packages/robot_maze-0.0.0-py3.12.egg-info' (and everything under it)
[3.525s] Copying ../../build/robot_maze/robot_maze.egg-info to /home/julian/Task-1-Intro-to-Gazebo-actions-services/maze_roboot/install/robot_maze/lib/python3.12/site-packages/robot_maze-0.0.0-py3.12.egg-info
[3.528s] running install_scripts
[3.928s] Installing movement_x_server script to /home/julian/Task-1-Intro-to-Gazebo-actions-services/maze_roboot/install/robot_maze/lib/robot_maze
[3.929s] writing list of installed files to '/home/julian/Task-1-Intro-to-Gazebo-actions-services/maze_roboot/build/robot_maze/install.log'
[4.007s] Invoked command in '/home/julian/Task-1-Intro-to-Gazebo-actions-services/maze_roboot/src/robot_maze' returned '0': AMENT_PREFIX_PATH=/home/julian/Task-1-Intro-to-Gazebo-actions-services/maze_roboot/install/maze_interfaces:${AMENT_PREFIX_PATH} CMAKE_PREFIX_PATH=/home/julian/Task-1-Intro-to-Gazebo-actions-services/maze_roboot/install/maze_interfaces:${CMAKE_PREFIX_PATH} DEBUGINFOD_URLS=https://debuginfod.ubuntu.com LD_LIBRARY_PATH=/home/julian/Task-1-Intro-to-Gazebo-actions-services/maze_roboot/install/maze_interfaces/lib:${LD_LIBRARY_PATH} PYTHONPATH=/home/julian/Task-1-Intro-to-Gazebo-actions-services/maze_roboot/build/robot_maze/prefix_override:/usr/lib/python3/dist-packages/colcon_core/task/python/colcon_distutils_commands:/home/julian/Task-1-Intro-to-Gazebo-actions-services/maze_roboot/install/robot_maze/lib/python3.12/site-packages:/home/julian/Task-1-Intro-to-Gazebo-actions-services/maze_roboot/install/maze_interfaces/lib/python3.12/site-packages:${PYTHONPATH} /usr/bin/python3 -W ignore:setup.py install is deprecated -W ignore:easy_install command is deprecated setup.py egg_info --egg-base ../../build/robot_maze build --build-base /home/julian/Task-1-Intro-to-Gazebo-actions-services/maze_roboot/build/robot_maze/build install --record /home/julian/Task-1-Intro-to-Gazebo-actions-services/maze_roboot/build/robot_maze/install.log --install-scripts $base/lib/robot_maze --single-version-externally-managed install_data
