[0.324s] DEBUG:colcon:Command line arguments: ['/usr/bin/colcon', 'build', '--packages-select', 'robot_maze']
[0.324s] DEBUG:colcon:Parsed command line arguments: Namespace(log_base=None, log_level=None, verb_name='build', build_base='build', install_base='install', merge_install=False, symlink_install=False, test_result_base=None, continue_on_error=False, executor='parallel', parallel_workers=8, event_handlers=None, ignore_user_meta=False, metas=['./colcon.meta'], base_paths=['.'], packages_ignore=None, packages_ignore_regex=None, paths=None, packages_up_to=None, packages_up_to_regex=None, packages_above=None, packages_above_and_dependencies=None, packages_above_depth=None, packages_select_by_dep=None, packages_skip_by_dep=None, packages_skip_up_to=None, packages_select_build_failed=False, packages_skip_build_finished=False, packages_select_test_failures=False, packages_skip_test_passed=False, packages_select=['robot_maze'], packages_skip=None, packages_select_regex=None, packages_skip_regex=None, packages_start=None, packages_end=None, allow_overriding=[], cmake_args=None, cmake_target=None, cmake_target_skip_unavailable=False, cmake_clean_cache=False, cmake_clean_first=False, cmake_force_configure=False, ament_cmake_args=None, catkin_cmake_args=None, catkin_skip_building_tests=False, verb_parser=<colcon_defaults.argument_parser.defaults.DefaultArgumentsDecorator object at 0x75fc68c830b0>, verb_extension=<colcon_core.verb.build.BuildVerb object at 0x75fc68c81dc0>, main=<bound method BuildVerb.main of <colcon_core.verb.build.BuildVerb object at 0x75fc68c81dc0>>)
[0.428s] Level 1:colcon.colcon_core.package_discovery:discover_packages(colcon_meta) check parameters
[0.429s] Level 1:colcon.colcon_core.package_discovery:discover_packages(recursive) check parameters
[0.429s] Level 1:colcon.colcon_core.package_discovery:discover_packages(ignore) check parameters
[0.429s] Level 1:colcon.colcon_core.package_discovery:discover_packages(path) check parameters
[0.429s] Level 1:colcon.colcon_core.package_discovery:discover_packages(colcon_meta) discover
[0.429s] Level 1:colcon.colcon_core.package_discovery:discover_packages(recursive) discover
[0.429s] INFO:colcon.colcon_core.package_discovery:Crawling recursively for packages in '/home/julian/Task-1-Intro-to-Gazebo-actions-services/maze_roboot'
[0.430s] Level 1:colcon.colcon_core.package_identification:_identify(.) by extensions ['ignore', 'ignore_ament_install']
[0.430s] Level 1:colcon.colcon_core.package_identification:_identify(.) by extension 'ignore'
[0.430s] Level 1:colcon.colcon_core.package_identification:_identify(.) by extension 'ignore_ament_install'
[0.430s] Level 1:colcon.colcon_core.package_identification:_identify(.) by extensions ['colcon_pkg']
[0.430s] Level 1:colcon.colcon_core.package_identification:_identify(.) by extension 'colcon_pkg'
[0.431s] Level 1:colcon.colcon_core.package_identification:_identify(.) by extensions ['colcon_meta']
[0.431s] Level 1:colcon.colcon_core.package_identification:_identify(.) by extension 'colcon_meta'
[0.431s] Level 1:colcon.colcon_core.package_identification:_identify(.) by extensions ['ros']
[0.431s] Level 1:colcon.colcon_core.package_identification:_identify(.) by extension 'ros'
[0.491s] Level 1:colcon.colcon_core.package_identification:_identify(.) by extensions ['cmake', 'python']
[0.491s] Level 1:colcon.colcon_core.package_identification:_identify(.) by extension 'cmake'
[0.491s] Level 1:colcon.colcon_core.package_identification:_identify(.) by extension 'python'
[0.492s] Level 1:colcon.colcon_core.package_identification:_identify(.) by extensions ['python_setup_py']
[0.492s] Level 1:colcon.colcon_core.package_identification:_identify(.) by extension 'python_setup_py'
[0.492s] Level 1:colcon.colcon_core.package_identification:_identify(build) by extensions ['ignore', 'ignore_ament_install']
[0.492s] Level 1:colcon.colcon_core.package_identification:_identify(build) by extension 'ignore'
[0.492s] Level 1:colcon.colcon_core.package_identification:_identify(build) ignored
[0.493s] Level 1:colcon.colcon_core.package_identification:_identify(install) by extensions ['ignore', 'ignore_ament_install']
[0.493s] Level 1:colcon.colcon_core.package_identification:_identify(install) by extension 'ignore'
[0.493s] Level 1:colcon.colcon_core.package_identification:_identify(install) ignored
[0.493s] Level 1:colcon.colcon_core.package_identification:_identify(log) by extensions ['ignore', 'ignore_ament_install']
[0.493s] Level 1:colcon.colcon_core.package_identification:_identify(log) by extension 'ignore'
[0.493s] Level 1:colcon.colcon_core.package_identification:_identify(log) ignored
[0.494s] Level 1:colcon.colcon_core.package_identification:_identify(src) by extensions ['ignore', 'ignore_ament_install']
[0.494s] Level 1:colcon.colcon_core.package_identification:_identify(src) by extension 'ignore'
[0.494s] Level 1:colcon.colcon_core.package_identification:_identify(src) by extension 'ignore_ament_install'
[0.494s] Level 1:colcon.colcon_core.package_identification:_identify(src) by extensions ['colcon_pkg']
[0.494s] Level 1:colcon.colcon_core.package_identification:_identify(src) by extension 'colcon_pkg'
[0.494s] Level 1:colcon.colcon_core.package_identification:_identify(src) by extensions ['colcon_meta']
[0.494s] Level 1:colcon.colcon_core.package_identification:_identify(src) by extension 'colcon_meta'
[0.494s] Level 1:colcon.colcon_core.package_identification:_identify(src) by extensions ['ros']
[0.495s] Level 1:colcon.colcon_core.package_identification:_identify(src) by extension 'ros'
[0.495s] Level 1:colcon.colcon_core.package_identification:_identify(src) by extensions ['cmake', 'python']
[0.495s] Level 1:colcon.colcon_core.package_identification:_identify(src) by extension 'cmake'
[0.495s] Level 1:colcon.colcon_core.package_identification:_identify(src) by extension 'python'
[0.495s] Level 1:colcon.colcon_core.package_identification:_identify(src) by extensions ['python_setup_py']
[0.495s] Level 1:colcon.colcon_core.package_identification:_identify(src) by extension 'python_setup_py'
[0.496s] Level 1:colcon.colcon_core.package_identification:_identify(src/maze_interfaces) by extensions ['ignore', 'ignore_ament_install']
[0.496s] Level 1:colcon.colcon_core.package_identification:_identify(src/maze_interfaces) by extension 'ignore'
[0.496s] Level 1:colcon.colcon_core.package_identification:_identify(src/maze_interfaces) by extension 'ignore_ament_install'
[0.496s] Level 1:colcon.colcon_core.package_identification:_identify(src/maze_interfaces) by extensions ['colcon_pkg']
[0.496s] Level 1:colcon.colcon_core.package_identification:_identify(src/maze_interfaces) by extension 'colcon_pkg'
[0.496s] Level 1:colcon.colcon_core.package_identification:_identify(src/maze_interfaces) by extensions ['colcon_meta']
[0.496s] Level 1:colcon.colcon_core.package_identification:_identify(src/maze_interfaces) by extension 'colcon_meta'
[0.497s] Level 1:colcon.colcon_core.package_identification:_identify(src/maze_interfaces) by extensions ['ros']
[0.497s] Level 1:colcon.colcon_core.package_identification:_identify(src/maze_interfaces) by extension 'ros'
[0.505s] DEBUG:colcon.colcon_core.package_identification:Package 'src/maze_interfaces' with type 'ros.ament_cmake' and name 'maze_interfaces'
[0.506s] Level 1:colcon.colcon_core.package_identification:_identify(src/robot_maze) by extensions ['ignore', 'ignore_ament_install']
[0.506s] Level 1:colcon.colcon_core.package_identification:_identify(src/robot_maze) by extension 'ignore'
[0.506s] Level 1:colcon.colcon_core.package_identification:_identify(src/robot_maze) by extension 'ignore_ament_install'
[0.506s] Level 1:colcon.colcon_core.package_identification:_identify(src/robot_maze) by extensions ['colcon_pkg']
[0.506s] Level 1:colcon.colcon_core.package_identification:_identify(src/robot_maze) by extension 'colcon_pkg'
[0.507s] Level 1:colcon.colcon_core.package_identification:_identify(src/robot_maze) by extensions ['colcon_meta']
[0.507s] Level 1:colcon.colcon_core.package_identification:_identify(src/robot_maze) by extension 'colcon_meta'
[0.507s] Level 1:colcon.colcon_core.package_identification:_identify(src/robot_maze) by extensions ['ros']
[0.507s] Level 1:colcon.colcon_core.package_identification:_identify(src/robot_maze) by extension 'ros'
[0.509s] DEBUG:colcon.colcon_core.package_identification:Package 'src/robot_maze' with type 'ros.ament_python' and name 'robot_maze'
[0.509s] Level 1:colcon.colcon_core.package_discovery:discover_packages(recursive) using defaults
[0.509s] Level 1:colcon.colcon_core.package_discovery:discover_packages(ignore) discover
[0.509s] Level 1:colcon.colcon_core.package_discovery:discover_packages(ignore) using defaults
[0.509s] Level 1:colcon.colcon_core.package_discovery:discover_packages(path) discover
[0.509s] Level 1:colcon.colcon_core.package_discovery:discover_packages(path) using defaults
[0.563s] INFO:colcon.colcon_core.package_selection:Skipping not selected package 'maze_interfaces' in 'src/maze_interfaces'
[0.565s] Level 1:colcon.colcon_core.package_discovery:discover_packages(prefix_path) check parameters
[0.565s] Level 1:colcon.colcon_core.package_discovery:discover_packages(prefix_path) discover
[0.572s] DEBUG:colcon.colcon_installed_package_information.package_discovery:Found 2 installed packages in /home/julian/Task-1-Intro-to-Gazebo-actions-services/maze_roboot/install
[0.573s] DEBUG:colcon.colcon_installed_package_information.package_discovery:Found 1 installed packages in /home/julian/training_ws/install
[0.579s] DEBUG:colcon.colcon_installed_package_information.package_discovery:Found 405 installed packages in /opt/ros/jazzy
[0.583s] Level 1:colcon.colcon_core.package_discovery:discover_packages(prefix_path) using defaults
[0.748s] Level 5:colcon.colcon_core.verb:set package 'robot_maze' build argument 'cmake_args' from command line to 'None'
[0.748s] Level 5:colcon.colcon_core.verb:set package 'robot_maze' build argument 'cmake_target' from command line to 'None'
[0.748s] Level 5:colcon.colcon_core.verb:set package 'robot_maze' build argument 'cmake_target_skip_unavailable' from command line to 'False'
[0.748s] Level 5:colcon.colcon_core.verb:set package 'robot_maze' build argument 'cmake_clean_cache' from command line to 'False'
[0.748s] Level 5:colcon.colcon_core.verb:set package 'robot_maze' build argument 'cmake_clean_first' from command line to 'False'
[0.749s] Level 5:colcon.colcon_core.verb:set package 'robot_maze' build argument 'cmake_force_configure' from command line to 'False'
[0.749s] Level 5:colcon.colcon_core.verb:set package 'robot_maze' build argument 'ament_cmake_args' from command line to 'None'
[0.749s] Level 5:colcon.colcon_core.verb:set package 'robot_maze' build argument 'catkin_cmake_args' from command line to 'None'
[0.749s] Level 5:colcon.colcon_core.verb:set package 'robot_maze' build argument 'catkin_skip_building_tests' from command line to 'False'
[0.749s] DEBUG:colcon.colcon_core.verb:Building package 'robot_maze' with the following arguments: {'ament_cmake_args': None, 'build_base': '/home/julian/Task-1-Intro-to-Gazebo-actions-services/maze_roboot/build/robot_maze', 'catkin_cmake_args': None, 'catkin_skip_building_tests': False, 'cmake_args': None, 'cmake_clean_cache': False, 'cmake_clean_first': False, 'cmake_force_configure': False, 'cmake_target': None, 'cmake_target_skip_unavailable': False, 'install_base': '/home/julian/Task-1-Intro-to-Gazebo-actions-services/maze_roboot/install/robot_maze', 'merge_install': False, 'path': '/home/julian/Task-1-Intro-to-Gazebo-actions-services/maze_roboot/src/robot_maze', 'symlink_install': False, 'test_result_base': None}
[0.749s] INFO:colcon.colcon_core.executor:Executing jobs using 'parallel' executor
[0.751s] DEBUG:colcon.colcon_parallel_executor.executor.parallel:run_until_complete
[0.751s] INFO:colcon.colcon_ros.task.ament_python.build:Building ROS package in '/home/julian/Task-1-Intro-to-Gazebo-actions-services/maze_roboot/src/robot_maze' with build type 'ament_python'
[0.752s] Level 1:colcon.colcon_core.shell:create_environment_hook('robot_maze', 'ament_prefix_path')
[0.771s] INFO:colcon.colcon_core.plugin_system:Skipping extension 'colcon_core.shell.bat': Not used on non-Windows systems
[0.771s] INFO:colcon.colcon_core.shell:Creating environment hook '/home/julian/Task-1-Intro-to-Gazebo-actions-services/maze_roboot/install/robot_maze/share/robot_maze/hook/ament_prefix_path.ps1'
[0.773s] INFO:colcon.colcon_core.shell:Creating environment descriptor '/home/julian/Task-1-Intro-to-Gazebo-actions-services/maze_roboot/install/robot_maze/share/robot_maze/hook/ament_prefix_path.dsv'
[0.774s] INFO:colcon.colcon_core.shell:Creating environment hook '/home/julian/Task-1-Intro-to-Gazebo-actions-services/maze_roboot/install/robot_maze/share/robot_maze/hook/ament_prefix_path.sh'
[0.775s] INFO:colcon.colcon_core.shell:Skip shell extension 'powershell' for command environment: Not usable outside of PowerShell
[0.775s] DEBUG:colcon.colcon_core.shell:Skip shell extension 'dsv' for command environment
[1.423s] INFO:colcon.colcon_core.task.python.build:Building Python package in '/home/julian/Task-1-Intro-to-Gazebo-actions-services/maze_roboot/src/robot_maze'
[1.423s] INFO:colcon.colcon_core.shell:Skip shell extension 'powershell' for command environment: Not usable outside of PowerShell
[1.423s] DEBUG:colcon.colcon_core.shell:Skip shell extension 'dsv' for command environment
[3.289s] DEBUG:colcon.colcon_core.task.python.build:Available setuptools commands: bdist_wheel, install_headers, bdist, build, clean, bdist_egg, easy_install, install_data, develop, update_catalog, upload, bdist_dumb, install, test, symlink_data, build_clib, editable_wheel, egg_info, build_scripts, setopt, install_lib, sdist, install_scripts, compile_catalog, dist_info, check, build_ext, saveopts, upload_docs, build_py, extract_messages, init_catalog, bdist_rpm, register, install_egg_info, rotate, alias
[3.293s] DEBUG:colcon.colcon_core.event_handler.log_command:Invoking command in '/home/julian/Task-1-Intro-to-Gazebo-actions-services/maze_roboot/src/robot_maze': DEBUGINFOD_URLS=https://debuginfod.ubuntu.com PYTHONPATH=/home/julian/Task-1-Intro-to-Gazebo-actions-services/maze_roboot/build/robot_maze/prefix_override:/usr/lib/python3/dist-packages/colcon_core/task/python/colcon_distutils_commands:/home/julian/Task-1-Intro-to-Gazebo-actions-services/maze_roboot/install/robot_maze/lib/python3.12/site-packages:/home/julian/Task-1-Intro-to-Gazebo-actions-services/maze_roboot/install/maze_interfaces/lib/python3.12/site-packages:/home/julian/Task-1-Intro-to-Gazebo-actions-services/maze_roboot/install/robot_maze/lib/python3.12/site-packages:/home/julian/training_ws/install/maze_control/lib/python3.12/site-packages:/opt/ros/jazzy/lib/python3.12/site-packages /usr/bin/python3 -W ignore:setup.py install is deprecated -W ignore:easy_install command is deprecated setup.py egg_info --egg-base ../../build/robot_maze build --build-base /home/julian/Task-1-Intro-to-Gazebo-actions-services/maze_roboot/build/robot_maze/build install --record /home/julian/Task-1-Intro-to-Gazebo-actions-services/maze_roboot/build/robot_maze/install.log --install-scripts $base/lib/robot_maze --single-version-externally-managed install_data
[4.998s] DEBUG:colcon.colcon_core.event_handler.log_command:Invoked command in '/home/julian/Task-1-Intro-to-Gazebo-actions-services/maze_roboot/src/robot_maze' returned '0': DEBUGINFOD_URLS=https://debuginfod.ubuntu.com PYTHONPATH=/home/julian/Task-1-Intro-to-Gazebo-actions-services/maze_roboot/build/robot_maze/prefix_override:/usr/lib/python3/dist-packages/colcon_core/task/python/colcon_distutils_commands:/home/julian/Task-1-Intro-to-Gazebo-actions-services/maze_roboot/install/robot_maze/lib/python3.12/site-packages:/home/julian/Task-1-Intro-to-Gazebo-actions-services/maze_roboot/install/maze_interfaces/lib/python3.12/site-packages:/home/julian/Task-1-Intro-to-Gazebo-actions-services/maze_roboot/install/robot_maze/lib/python3.12/site-packages:/home/julian/training_ws/install/maze_control/lib/python3.12/site-packages:/opt/ros/jazzy/lib/python3.12/site-packages /usr/bin/python3 -W ignore:setup.py install is deprecated -W ignore:easy_install command is deprecated setup.py egg_info --egg-base ../../build/robot_maze build --build-base /home/julian/Task-1-Intro-to-Gazebo-actions-services/maze_roboot/build/robot_maze/build install --record /home/julian/Task-1-Intro-to-Gazebo-actions-services/maze_roboot/build/robot_maze/install.log --install-scripts $base/lib/robot_maze --single-version-externally-managed install_data
[5.007s] Level 1:colcon.colcon_core.environment:checking '/home/julian/Task-1-Intro-to-Gazebo-actions-services/maze_roboot/install/robot_maze' for CMake module files
[5.008s] Level 1:colcon.colcon_core.environment:checking '/home/julian/Task-1-Intro-to-Gazebo-actions-services/maze_roboot/install/robot_maze' for CMake config files
[5.009s] Level 1:colcon.colcon_core.environment:checking '/home/julian/Task-1-Intro-to-Gazebo-actions-services/maze_roboot/install/robot_maze/lib'
[5.010s] Level 1:colcon.colcon_core.environment:checking '/home/julian/Task-1-Intro-to-Gazebo-actions-services/maze_roboot/install/robot_maze/bin'
[5.010s] Level 1:colcon.colcon_core.environment:checking '/home/julian/Task-1-Intro-to-Gazebo-actions-services/maze_roboot/install/robot_maze/lib/pkgconfig/robot_maze.pc'
[5.010s] Level 1:colcon.colcon_core.environment:checking '/home/julian/Task-1-Intro-to-Gazebo-actions-services/maze_roboot/install/robot_maze/lib/python3.12/site-packages'
[5.011s] Level 1:colcon.colcon_core.shell:create_environment_hook('robot_maze', 'pythonpath')
[5.011s] INFO:colcon.colcon_core.shell:Creating environment hook '/home/julian/Task-1-Intro-to-Gazebo-actions-services/maze_roboot/install/robot_maze/share/robot_maze/hook/pythonpath.ps1'
[5.012s] INFO:colcon.colcon_core.shell:Creating environment descriptor '/home/julian/Task-1-Intro-to-Gazebo-actions-services/maze_roboot/install/robot_maze/share/robot_maze/hook/pythonpath.dsv'
[5.013s] INFO:colcon.colcon_core.shell:Creating environment hook '/home/julian/Task-1-Intro-to-Gazebo-actions-services/maze_roboot/install/robot_maze/share/robot_maze/hook/pythonpath.sh'
[5.015s] Level 1:colcon.colcon_core.environment:checking '/home/julian/Task-1-Intro-to-Gazebo-actions-services/maze_roboot/install/robot_maze/bin'
[5.015s] Level 1:colcon.colcon_core.environment:create_environment_scripts_only(robot_maze)
[5.015s] INFO:colcon.colcon_core.shell:Creating package script '/home/julian/Task-1-Intro-to-Gazebo-actions-services/maze_roboot/install/robot_maze/share/robot_maze/package.ps1'
[5.018s] INFO:colcon.colcon_core.shell:Creating package descriptor '/home/julian/Task-1-Intro-to-Gazebo-actions-services/maze_roboot/install/robot_maze/share/robot_maze/package.dsv'
[5.020s] INFO:colcon.colcon_core.shell:Creating package script '/home/julian/Task-1-Intro-to-Gazebo-actions-services/maze_roboot/install/robot_maze/share/robot_maze/package.sh'
[5.023s] INFO:colcon.colcon_core.shell:Creating package script '/home/julian/Task-1-Intro-to-Gazebo-actions-services/maze_roboot/install/robot_maze/share/robot_maze/package.bash'
[5.025s] INFO:colcon.colcon_core.shell:Creating package script '/home/julian/Task-1-Intro-to-Gazebo-actions-services/maze_roboot/install/robot_maze/share/robot_maze/package.zsh'
[5.027s] Level 1:colcon.colcon_core.environment:create_file_with_runtime_dependencies(/home/julian/Task-1-Intro-to-Gazebo-actions-services/maze_roboot/install/robot_maze/share/colcon-core/packages/robot_maze)
[5.028s] DEBUG:colcon.colcon_parallel_executor.executor.parallel:closing loop
[5.028s] DEBUG:colcon.colcon_parallel_executor.executor.parallel:loop closed
[5.028s] DEBUG:colcon.colcon_parallel_executor.executor.parallel:run_until_complete finished with '0'
[5.029s] DEBUG:colcon.colcon_core.event_reactor:joining thread
[5.050s] INFO:colcon.colcon_core.plugin_system:Skipping extension 'colcon_notification.desktop_notification.terminal_notifier': Not used on non-Darwin systems
[5.050s] INFO:colcon.colcon_core.plugin_system:Skipping extension 'colcon_notification.desktop_notification.win32': Not used on non-Windows systems
[5.050s] INFO:colcon.colcon_notification.desktop_notification:Sending desktop notification using 'notify2'
[5.095s] DEBUG:colcon.colcon_core.event_reactor:joined thread
[5.096s] INFO:colcon.colcon_core.shell:Creating prefix script '/home/julian/Task-1-Intro-to-Gazebo-actions-services/maze_roboot/install/local_setup.ps1'
[5.098s] INFO:colcon.colcon_core.shell:Creating prefix util module '/home/julian/Task-1-Intro-to-Gazebo-actions-services/maze_roboot/install/_local_setup_util_ps1.py'
[5.101s] INFO:colcon.colcon_core.shell:Creating prefix chain script '/home/julian/Task-1-Intro-to-Gazebo-actions-services/maze_roboot/install/setup.ps1'
[5.106s] INFO:colcon.colcon_core.shell:Creating prefix script '/home/julian/Task-1-Intro-to-Gazebo-actions-services/maze_roboot/install/local_setup.sh'
[5.108s] INFO:colcon.colcon_core.shell:Creating prefix util module '/home/julian/Task-1-Intro-to-Gazebo-actions-services/maze_roboot/install/_local_setup_util_sh.py'
[5.110s] INFO:colcon.colcon_core.shell:Creating prefix chain script '/home/julian/Task-1-Intro-to-Gazebo-actions-services/maze_roboot/install/setup.sh'
[5.114s] INFO:colcon.colcon_core.shell:Creating prefix script '/home/julian/Task-1-Intro-to-Gazebo-actions-services/maze_roboot/install/local_setup.bash'
[5.116s] INFO:colcon.colcon_core.shell:Creating prefix chain script '/home/julian/Task-1-Intro-to-Gazebo-actions-services/maze_roboot/install/setup.bash'
[5.119s] INFO:colcon.colcon_core.shell:Creating prefix script '/home/julian/Task-1-Intro-to-Gazebo-actions-services/maze_roboot/install/local_setup.zsh'
[5.120s] INFO:colcon.colcon_core.shell:Creating prefix chain script '/home/julian/Task-1-Intro-to-Gazebo-actions-services/maze_roboot/install/setup.zsh'
